
Login incorrect
ibuc login: root
# mount binping google.com
ping: bad address 'google.com'
# ls
bin         interfaces  ttyS0
# ififconfig
eth0: flags=4163<UP,BROADCAST,RUNNING,MULTICAST>  mtu 1500
        inet 10.10.19.20  netmask 255.255.0.0  broadcast 10.10.255.255
        inet6 fe80::5610:ecff:fe33:ea9a  prefixlen 64  scopeid 0x20<link>
        ether 54:10:ec:33:ea:9a  txqueuelen 1000  (Ethernet)
        RX packets 270  bytes 19963 (19.4 KiB)
        RX errors 0  dropped 0  overruns 0  frame 0
        TX packets 15  bytes 1146 (1.1 KiB)
        TX errors 0  dropped 0 overruns 0  carrier 0  collisions 0
        device interrupt 28  base 0x8000  

lo: flags=73<UP,LOOPBACK,RUNNING>  mtu 65536
        inet 127.0.0.1  netmask 255.0.0.0
        inet6 ::1  prefixlen 128  scopeid 0x10<host>
        loop  txqueuelen 1000  (Local Loopback)
        RX packets 4  bytes 280 (280.0 B)
        RX errors 0  dropped 0  overruns 0  frame 0
        TX packets 4  bytes 280 (280.0 B)
        TX errors 0  dropped 0 overruns 0  carrier 0  collisions 0

# rescat /reet# cat /etc/res# cat /etc/resolv.conf 
cat: can't open '/etc/resolv.conf': No such file or directory
# cd /e# cd /etc/
# ls -l re# ls -l resolv.conf 
lrwxrwxrwx    1 root     root            18 Jul 19  2019 resolv.conf -> ../tmp/resolv.conf
# cd ../
# pwd
/
# cd tm# cd tmp/
# cat resifdown eth0
# ifup eth10
IPv6: ADDRCONF(NETDEV_UP): eth0: link is not ready
macb f8008000.ethernet eth0: link up (100/Full)
IPv6: ADDRCONF(NETDEV_CHANGE): eth0: link becomes ready
# ls
dbus           dhcpd.leases~  sshd
dhcpd.leases   messages       subsys
# cpwd
/tmp
# resolcd ./et/et# cd /etc/
# ls
apache2              inputrc              random-seed
bind.keys            iproute2             resolv.conf
dbus-1               issue                services
dhcp                 libnl                shadow
dropbear             mke2fs.conf          shadow-
fonts                mtab                 shells
fstab                network              ssh
group                nftables             ssl
group-               nsswitch.conf        ts.conf
hostapd.conf         os-release           udev
hostname             passwd               wgetrc
hosts                passwd-              wireless-regdb
ibuc.conf            profile              wpa_supplicant.conf
init.d               profile.d
inittab              protocols
# cat re# cat resolv.conf cat ifs# cat fstab 
# <file system>	<mount pt>	<type>	<options>	<dump>	<pass>
/dev/root	/		ext2	rw,noauto	0	1
proc		/proc		proc	defaults	0	0
devpts		/dev/pts	devpts	defaults,gid=5,mode=620,ptmxmode=0666	0	0
tmpfs		/dev/shm	tmpfs	mode=0777	0	0
tmpfs		/tmp		tmpfs	mode=1777	0	0
tmpfs		/run		tmpfs	mode=0755,nosuid,nodev	0	0
sysfs		/sys		sysfs	defaults	0	0
10.10.19.12:/home/asharma/dev/buildroot-at91/output/target/usr/bin /root/bin nfs defaults,user,exec,port=2049,nolock,proto=tcp 0 0
# ping 10.10.19.12
PING 10.10.19.12 (10.10.19.12): 56 data bytes
64 bytes from 10.10.19.12: seq=0 ttl=64 time=1.312 ms
c^H
^C
--- 10.10.19.12 ping statistics ---
8 packets transmitted, 1 packets received, 87% packet loss
round-trip min/avg/max = 1.312/1.312/1.312 ms
# # ping 10.10.19.12
PING 10.10.19.12 (10.10.19.12): 56 data bytes
^C
--- 10.10.19.12 ping statistics ---
4 packets transmitted, 0 packets received, 100% packet loss
# 
# 
# # ping 10.10.19.120.1
PING 10.10.10.1 (10.10.10.1): 56 data bytes
64 bytes from 10.10.10.1: seq=0 ttl=64 time=1.009 ms
64 bytes from 10.10.10.1: seq=1 ttl=64 time=0.762 ms
64 bytes from 10.10.10.1: seq=2 ttl=64 time=0.787 ms
^C
--- 10.10.10.1 ping statistics ---
3 packets transmitted, 3 packets received, 0% packet loss
round-trip min/avg/max = 0.762/0.852/1.009 ms
# # ping 10.10.10.19.12
PING 10.10.19.12 (10.10.19.12): 56 data bytes
^C
--- 10.10.19.12 ping statistics ---
5 packets transmitted, 0 packets received, 100% packet loss
# 
# 
# route
Kernel IP routing table
Destination     Gateway         Genmask         Flags Metric Ref    Use Iface
default         10.10.10.1      0.0.0.0         UG    0      0        0 eth0
10.10.0.0       0.0.0.0         255.255.0.0     U     0      0        0 eth0
# # route# ping 10.10.19.12
PING 10.10.19.12 (10.10.19.12): 56 data bytes
64 bytes from 10.10.19.12: seq=6 ttl=64 time=0.821 ms
64 bytes from 10.10.19.12: seq=7 ttl=64 time=0.950 ms
64 bytes from 10.10.19.12: seq=8 ttl=64 time=0.849 ms
64 bytes from 10.10.19.12: seq=9 ttl=64 time=0.949 ms
64 bytes from 10.10.19.12: seq=10 ttl=64 time=0.896 ms
64 bytes from 10.10.19.12: seq=11 ttl=64 time=0.930 ms
^C
--- 10.10.19.12 ping statistics ---
12 packets transmitted, 6 packets received, 50% packet loss
round-trip min/avg/max = 0.821/0.899/0.950 ms
# scd 
# cd mount bin
# cd bin
# ls
[                                   lat_sig
[[                                  lat_syscall
ab                                  lat_tcp
apachectl                           lat_udp
apxs                                lat_unix
ar                                  lat_unix_connect
arpaname                            less
asc2log                             libevdev-tweak-device
aserver                             libinput
awk                                 line
basename                            lmdd
bc                                  lmhttp
bccmd                               log2asc
bcmserver                           log2long
bluemoon                            logger
bluetoothctl                        logname
btattach                            logresolve
btgatt-server                       loop_o
btmon                               lrz
bunzip2                             lsiio
bw_file_rd                          lsof
bw_mem                              lspci
bw_mmap_rd                          lsscsi
bw_pipe                             lsusb
bw_tcp                              lsz
bw_unix                             lua
bzcat                               luac
cairo-sphinx                        lzcat
can-calc-bit-timing                 lzma
canbusload                          lzopcat
candump                             md5sum
canfdtest                           mdig
cangen                              memsize
cangw                               mesg
canlogserver                        mhz
canplayer                           microcom
cansend                             mkfifo
cansniffer                          mkpasswd
checkgid                            modeprint
chrt                                modetest
chvt                                mouse-dpi-tool
ciptool                             mpg123
cksum                               mpg123-id3dump
clear                               mpg123-strip
cmp                                 mpicalc
core-ibuc                           mpris-proxy
core_ibuc                           msleep
crontab                             mtdev-test
cut                                 mv6tool
dbclient                            named-rrchecker
dbmmanage                           nano
dbus-cleanup-sockets                net-snmp-create-v3-user
dbus-daemon                         nl
dbus-launch                         node
dbus-monitor                        nohup
dbus-run-session                    npm
dbus-send                           nproc
dbus-test-tool                      npx
dbus-update-activation-environment  nslookup
dbus-uuidgen                        od
dc                                  openvt
ddcmon                              out123
deallocvt                           p9bit_example
decode-dimms                        par_mem
decode-edid                         par_ops
decode-vaio                         passwd
delv                                paste
diff                                patch
dirname                             pcregrep
disk                                pcretest
dos2unix                            phytool
drmdevice                           planes
dropbearconvert                     printf
dropbearkey                         proptest
du                                  python
dumpsexp                            python2
e2cp                                python2.7
e2ln                                rb
e2ls                                rctest
e2mkdir                             readlink
e2mv                                realpath
e2rm                                render
e2tail                              renice
easy_install                        reset
easy_install-2.7                    resize
egrep                               rfcomm
eject                               rngtest
enough                              rotatelogs
env                                 rview
envvars                             rvim
envvars-std                         rx
evtest                              rz
ex                                  sb
expr                                scp
factor                              screenlog.0
fallocate                           sdptool
fb-test                             senda_example
fb-test-offset                      seq
fb-test-perf                        setfattr
fb-test-rect                        setip-ibuc
fc-cache                            setkeycodes
fc-cat                              setserial
fc-conflist                         setsid
fc-list                             sftp
fc-match                            sha1sum
fc-pattern                          sha256sum
fc-query                            sha3sum
fc-scan                             sha512sum
fc-validate                         shred
fcgistarter                         slcan_attach
fgrep                               slcand
file                                slcanpty
find                                sort
flock                               spi-config
flushdisk                           spi-pipe
fold                                ssh
free                                ssh-add
fuser                               ssh-agent
gapplication                        ssh-copy-id
gatttool                            ssh-keygen
gcore                               ssh-keyscan
gdb                                 strace
gdbserver                           strace-log-merge
gdbus                               stream
gio                                 strings
gio-querymodules                    svc
gpg-error                           svok
gpgrt-config                        swupdate
grab                                sx
grep                                sz
gresource                           tail
gsettings                           tee
hciattach                           telnet
hciconfig                           test
hcidump                             testj1939
hcitool                             tftp
head                                time
hello                               timeout
hex2hcd                             timer-ibuc
hexdump                             timing_o
hexedit                             tlb
hmac256                             top
hostapd_cli                         touchpad-edge-detector
hostid                              tr
htcacheclean                        traceroute
htdbm                               tree
htdigest                            truncate
htpasswd                            ts_calibrate
httpd                               ts_conf
httxt2dbm                           ts_finddev
id                                  ts_harvest
iio_event_monitor                   ts_print
iio_generic_buffer                  ts_print_mt
install                             ts_print_raw
ipcrm                               ts_test
ipcs                                ts_test_mt
iperf3                              ts_uinput
iptables-xml                        ts_verify
isotpdump                           tty
isotpperf                           udevadm
isotprecv                           uniq
isotpsend                           unix2dos
isotpserver                         unlink
isotpsniffer                        unlzma
isotptun                            unlzop
jacd                                unxz
jspy                                unzip
jsr                                 uptime
killall                             usbhid-dump
kms-steal-crtc                      user_example
kms-universal-planes                uudecode
kmstest                             uuencode
l2ping                              vbltest
l2test                              view
last                                vim
lat_connect                         vimdiff
lat_ctx                             vlock
lat_fcntl                           w
lat_fifo                            wc
lat_fs                              wget
lat_http                            which
lat_mem_rd                          who
lat_mmap                            whoami
lat_ops                             xargs
lat_pagefault                       xmlwf
lat_pipe                            xxd
lat_proc                            xz
lat_rpc                             xzcat
lat_select                          yes
lat_sem
# ./core-ibuc
IBUC Core
Timer ID: 205144
Ethernet init
Cfg and /etc/network/interface IP match
Cfg and /etc/network/interface Gateway match
cfg mask=a0a0a01, if_ip=ffff0000admin=2337
CPE=1234
IBUC>
CIA
CIA=10.10.19.20
IBUC>
CIG
CIG=10.10.10.1
IBUC>
CIM
CIG=10.10.10.1
IBUC>
CIM=255.255.0.0
CIG=10.10.10.1
IBUC>
CIM
CIG=10.10.10.1
IBUC>
CIM
CIG=10.10.10.1
IBUC>
RomBOOT


AT91Bootstrap 3.8.11 (Tue Jul 23 14:20:53 PDT 2019)

SD/MMC: Image: Read file u-boot.bin to 0x23f00000
MMC: ADMA supported
SD: Card Capacity: Standard
SD: Specification Version 3.0X
SD/MMC: Done to load image
<debug_uart> 

U-Boot 2018.07-linux4sam_6.0 (Jul 23 2019 - 14:21:02 -0700)

CPU: SAMA5D27 1G bits DDR2 SDRAM
Crystal frequency:       24 MHz
CPU clock        :      492 MHz
Master clock     :      164 MHz
DRAM:  128 MiB
MMC:   sdio-host@a0000000: 0, sdio-host@b0000000: 1
Loading Environment from FAT... OK
In:    serial@f8020000
Out:   serial@f8020000
Err:   serial@f8020000
Net:   eth0: ethernet@f8008000
Hit any key to stop autoboot:  1  0 
3920912 bytes read in 246 ms (15.2 MiB/s)
## Loading kernel from FIT Image at 21000000 ...
   Using 'kernel_dtb' configuration
   Trying 'kernel@1' kernel subimage
     Description:  Linux4SAM Linux kernel
     Type:         Kernel Image
     Compression:  uncompressed
     Data Start:   0x210000e0
     Data Size:    3879200 Bytes = 3.7 MiB
     Architecture: ARM
     OS:           Linux
     Load Address: 0x22000000
     Entry Point:  0x22000000
     Hash algo:    crc32
     Hash value:   6bc04ff1
     Hash algo:    sha1
     Hash value:   6de3a2a0549dd96833e9bbf0998e6e35423c46f2
   Verifying Hash Integrity ... crc32+ sha1+ OK
## Loading fdt from FIT Image at 21000000 ...
   Using 'kernel_dtb' configuration
   Trying 'base_fdt' fdt subimage
     Description:  Flattened Device Tree blob
     Type:         Flat Device Tree
     Compression:  uncompressed
     Data Start:   0x213b332c
     Data Size:    39685 Bytes = 38.8 KiB
     Architecture: ARM
     Load Address: 0x23000000
     Hash algo:    crc32
     Hash value:   6937a0c4
     Hash algo:    sha1
     Hash value:   1d1992fa75a654b87e28861801fbb8cae482435c
   Verifying Hash Integrity ... crc32+ sha1+ OK
   Loading fdt from 0x213b332c to 0x23000000
   Booting using the fdt blob at 0x23000000
   Loading Kernel Image ... OK
   Loading Device Tree to 27b48000, end 27b54b04 ... OK

Starting kernel ...

Booting Linux on physical CPU 0x0
Linux version 4.14.73-linux4sam_6.0 (asharma@rmcdonald-3630) (gcc version 8.2.1 20180802 (GNU Toolchain for the A-profile Architecture 8.2-2018.11 (arm-rel-8.26))) #1 Tue Jul 23 14:36:41 PDT 2019
CPU: ARMv7 Processor [410fc051] revision 1 (ARMv7), cr=10c53c7d
CPU: PIPT / VIPT nonaliasing data cache, VIPT aliasing instruction cache
OF: fdt: Machine model: Atmel SAMA5D27 SOM1 EK
Memory policy: Data cache writeback
cma: Reserved 16 MiB at 0x26800000
CPU: All CPU(s) started in SVC mode.
Built 1 zonelists, mobility grouping on.  Total pages: 32480
Kernel command line: console=ttyS0,115200 root=/dev/mmcblk1p2 rw rootwait rootfstype=ext4 atmel.pm_modes=standby,ulp1
PID hash table entries: 512 (order: -1, 2048 bytes)
Dentry cache hash table entries: 16384 (order: 4, 65536 bytes)
Inode-cache hash table entries: 8192 (order: 3, 32768 bytes)
Memory: 103524K/131072K available (6144K kernel code, 259K rwdata, 1044K rodata, 1024K init, 174K bss, 11164K reserved, 16384K cma-reserved)
Virtual kernel memory layout:
    vector  : 0xffff0000 - 0xffff1000   (   4 kB)
    fixmap  : 0xffc00000 - 0xfff00000   (3072 kB)
    vmalloc : 0xc8800000 - 0xff800000   ( 880 MB)
    lowmem  : 0xc0000000 - 0xc8000000   ( 128 MB)
    modules : 0xbf000000 - 0xc0000000   (  16 MB)
      .text : 0xc0008000 - 0xc0700000   (7136 kB)
      .init : 0xc0900000 - 0xc0a00000   (1024 kB)
      .data : 0xc0a00000 - 0xc0a40f70   ( 260 kB)
       .bss : 0xc0a40f70 - 0xc0a6c7c4   ( 175 kB)
NR_IRQS: 16, nr_irqs: 16, preallocated irqs: 16
L2C-310 ID prefetch enabled, offset 2 lines
L2C-310 dynamic clock gating enabled, standby mode enabled
L2C-310 cache controller enabled, 8 ways, 128 kB
L2C-310: CACHE_ID 0x410000c9, AUX_CTRL 0x36020000
clocksource: pit: mask: 0x7ffffff max_cycles: 0x7ffffff, max_idle_ns: 11654027029 ns
sched_clock: 32 bits at 100 Hz, resolution 10000000ns, wraps every 21474836475000000ns
Console: colour dummy device 80x30
Calibrating delay loop... 326.86 BogoMIPS (lpj=1634304)
pid_max: default: 32768 minimum: 301
Mount-cache hash table entries: 1024 (order: 0, 4096 bytes)
Mountpoint-cache hash table entries: 1024 (order: 0, 4096 bytes)
CPU: Testing write buffer coherency: ok
Setting up static identity map for 0x20100000 - 0x20100060
devtmpfs: initialized
random: get_random_u32 called from 0xc032cbe8 with crng_init=0
VFP support v0.3: implementor 41 architecture 2 part 30 variant 5 rev 1
clocksource: jiffies: mask: 0xffffffff max_cycles: 0xffffffff, max_idle_ns: 19112604462750000 ns
futex hash table entries: 256 (order: -1, 3072 bytes)
pinctrl core: initialized pinctrl subsystem
NET: Registered protocol family 16
DMA: preallocated 256 KiB pool for atomic coherent allocations
cpuidle: using governor menu
AT91: PM: standby: standby, suspend: ulp1
clocksource: tcb_clksrc: mask: 0xffffffff max_cycles: 0xffffffff, max_idle_ns: 186464433812 ns
at_xdmac f0010000.dma-controller: 16 channels, mapped at 0xc8847000
at_xdmac f0004000.dma-controller: 16 channels, mapped at 0xc8849000
AT91: Detected SoC family: sama5d2
AT91: Detected SoC: sama5d27c 128MiB SiP, revision 2
VDDANA: supplied by VDDIN_3V3
advref: supplied by VDDANA
SCSI subsystem initialized
usbcore: registered new interface driver usbfs
usbcore: registered new interface driver hub
usbcore: registered new device driver usb
at91_i2c f8028000.i2c: could not find pctldev for node /ahb/apb/pinctrl@fc038000/i2c0_default, deferring probe
media: Linux media interface: v0.10
Linux video capture interface: v2.00
pps_core: LinuxPPS API ver. 1 registered
pps_core: Software ver. 5.3.6 - Copyright 2005-2007 Rodolfo Giometti <giometti@linux.it>
PTP clock support registered
Advanced Linux Sound Architecture Driver Initialized.
clocksource: Switched to clocksource tcb_clksrc
NET: Registered protocol family 2
TCP established hash table entries: 1024 (order: 0, 4096 bytes)
TCP bind hash table entries: 1024 (order: 0, 4096 bytes)
TCP: Hash tables configured (established 1024 bind 1024)
UDP hash table entries: 256 (order: 0, 4096 bytes)
UDP-Lite hash table entries: 256 (order: 0, 4096 bytes)
NET: Registered protocol family 1
RPC: Registered named UNIX socket transport module.
RPC: Registered udp transport module.
RPC: Registered tcp transport module.
RPC: Registered tcp NFSv4.1 backchannel transport module.
workingset: timestamp_bits=14 max_order=15 bucket_order=1
io scheduler noop registered (default)
io scheduler mq-deadline registered
io scheduler kyber registered
pinctrl-at91-pio4 fc038000.pinctrl: atmel pinctrl initialized
brd: module loaded
loop: module loaded
atmel_usart_serial.0.auto: ttyS2 at MMIO 0xf801c000 (irq = 34, base_baud = 5125000) is a ATMEL_SERIAL
atmel_usart_serial.1.auto: ttyS0 at MMIO 0xf8020000 (irq = 35, base_baud = 5125000) is a ATMEL_SERIAL
console [ttyS0] enabled
atmel_usart_serial.2.auto: ttyS3 at MMIO 0xfc008000 (irq = 40, base_baud = 5125000) is a ATMEL_SERIAL
atmel_usart_serial.3.auto: ttyS1 at MMIO 0xfc00c000 (irq = 41, base_baud = 5125000) is a ATMEL_SERIAL
atmel_qspi f0024000.spi: sst26vf064b (8192 Kbytes)
5 ofpart partitions found on MTD device f0024000.spi
Creating 5 MTD partitions on "f0024000.spi":
0x000000000000-0x000000010000 : "at91bootstrap"
0x000000010000-0x0000000b0000 : "bootloader"
0x0000000b0000-0x0000000c0000 : "bootloader env"
0x0000000c0000-0x0000000e0000 : "device tree"
0x0000000e0000-0x0000004e0000 : "kernel"
atmel_spi f8000000.spi: DMA TX channel not available, SPI unable to use DMA
atmel_spi f8000000.spi: Atmel SPI Controller using PIO only
atmel_spi f8000000.spi: Using FIFO (16 data)
atmel_spi f8000000.spi: Atmel SPI Controller version 0x311 at 0xf8000000 (irq 27)
atmel_spi fc000000.spi: Using dma0chan0 (tx) and dma0chan1 (rx) for DMA transfers
atmel_spi fc000000.spi: Using FIFO (16 data)
atmel_spi fc000000.spi: Atmel SPI Controller version 0x311 at 0xfc000000 (irq 39)
libphy: Fixed MDIO Bus: probed
CAN device driver interface
libphy: MACB_mii_bus: probed
Micrel KSZ8081 or KSZ8091 f8008000.ethernet-ffffffff:07: attached PHY driver [Micrel KSZ8081 or KSZ8091] (mii_bus:phy_addr=f8008000.ethernet-ffffffff:07, irq=176)
macb f8008000.ethernet eth0: Cadence GEM rev 0x00020203 at 0xf8008000 irq 28 (54:10:ec:33:ea:9a)
ehci_hcd: USB 2.0 'Enhanced' Host Controller (EHCI) Driver
ehci-atmel: EHCI Atmel driver
ohci_hcd: USB 1.1 'Open' Host Controller (OHCI) Driver
ohci-atmel: OHCI Atmel driver
usbcore: registered new interface driver usb-storage
rtc rtc0: invalid alarm value: 1900-1-1 0:0:0
at91_rtc f80480b0.rtc: registered as rtc0
at91_rtc f80480b0.rtc: AT91 Real Time Clock driver.
i2c /dev entries driver
IR NEC protocol handler initialized
IR RC5(x/sz) protocol handler initialized
IR RC6 protocol handler initialized
IR JVC protocol handler initialized
IR Sony protocol handler initialized
IR SANYO protocol handler initialized
IR Sharp protocol handler initialized
IR MCE Keyboard/mouse protocol handler initialized
IR XMP protocol handler initialized
AT91: Starting after user reset
sama5d4_wdt f8048040.watchdog: initialized (timeout = 16 sec, nowayout = 0)
sdhci: Secure Digital Host Controller Interface driver
sdhci: Copyright(c) Pierre Ossman
sdhci-pltfm: SDHCI platform and OF driver helper
sdhci-at91 a0000000.sdio-host: update clk mul to 39 as gck rate is 480000000 Hz
mmc0: SDHCI controller on a0000000.sdio-host [a0000000.sdio-host] using ADMA
sdhci-at91 b0000000.sdio-host: update clk mul to 39 as gck rate is 480000000 Hz
mmc1: SDHCI controller on b0000000.sdio-host [b0000000.sdio-host] using ADMA
ledtrig-cpu: registered to indicate activity on CPUs
atmel_aes f002c000.aes: version: 0x500
atmel_aes f002c000.aes: Atmel AES - Using dma0chan2, dma0chan3 for DMA transfers
atmel_sha f0028000.sha: version: 0x510
atmel_sha f0028000.sha: using dma0chan4 for DMA transfers
atmel_sha f0028000.sha: Atmel SHA1/SHA256/SHA224/SHA384/SHA512
atmel_tdes fc044000.tdes: version: 0x703
atmel_tdes fc044000.tdes: using dma0chan5, dma0chan6 for DMA transfers
atmel_tdes fc044000.tdes: Atmel DES/TDES
at91-sama5d2_adc fc030000.adc: setting up trigger as external_rising
at91-sama5d2_adc fc030000.adc: version: 800
ip_tables: (C) 2000-2006 Netfilter Core Team
NET: Registered protocol family 10
Segment Routing with IPv6
sit: IPv6, IPv4 and MPLS over IPv4 tunneling driver
NET: Registered protocol family 17
can: controller area network core (rev 20170425 abi 9)
NET: Registered protocol family 29
can: raw protocol (rev 20170425)
can: broadcast manager protocol (rev 20170425 t)
can: netlink gateway (rev 20170425) max_hops=1
at91_i2c f8028000.i2c: can't get DMA channel, continue without DMA support
at91_i2c f8028000.i2c: Using FIFO (16 data)
at24 0-0050: 256 byte 24c02 EEPROM, writable, 8 bytes/write
at91_i2c f8028000.i2c: AT91 i2c bus driver (hw version: 0x704).
mmc1: new high speed SD card at address e624
mmcblk1: mmc1:e624 SU02G 1.84 GiB 
pinctrl-at91-pio4 fc038000.pinctrl: pin PA29 already requested by f8000000.spi; cannot claim for gpio_keys
pinctrl-at91-pio4 fc038000.pinctrl: pin-29 (gpio_keys) status -22
pinctrl-at91-pio4 fc038000.pinctrl: could not request pin 29 (PA29) from group PA29  on device atmel_pinctrl
gpio-keys gpio_keys: Error applying setting, reverse things back
gpio-keys: probe of gpio_keys failed with error -22
at91_rtc f80480b0.rtc: setting system clock to 2012-01-28 15:53:00 UTC (1327765980)
ALSA device list:
  #0: Dummy 1
 mmcblk1: p1 p2
atmel_usart_serial atmel_usart_serial.1.auto: using dma0chan7 for rx DMA transfers
atmel_usart_serial atmel_usart_serial.1.auto: using dma0chan8 for tx DMA transfers
random: fast init done
EXT4-fs (mmcblk1p2): recovery complete
EXT4-fs (mmcblk1p2): mounted filesystem with ordered data mode. Opts: (null)
VFS: Mounted root (ext4 filesystem) on device 179:2.
devtmpfs: mounted
Freeing unused kernel memory: 1024K
EXT4-fs (mmcblk1p2): re-mounted. Opts: data=ordered
mount: mounting 10.10.19.12:/home/asharma/dev/buildroot-at91/output/target/usr/bin on /root/bin failed: Network is unreachable
Starting syslogd: OK
Starting klogd: OK
Populating /dev using udev: udevd[118]: starting version 3.2.7
random: udevd: uninitialized urandom read (16 bytes read)
random: udevd: uninitialized urandom read (16 bytes read)
random: udevd: uninitialized urandom read (16 bytes read)
udevd[118]: specified group 'kvm' unknown
udevd[119]: starting eudev-3.2.7
done
Initializing random number generator... urandom_read: 1 callbacks suppressed
random: dd: uninitialized urandom read (512 bytes read)
done.
Starting rngd: OK
random: crng init done
Starting system message bus: dbus-daemon[153]: Failed to start message bus: Could not get UID and GID for username "dbus"
done
Starting network: IPv6: ADDRCONF(NETDEV_UP): eth0: link is not ready
macb f8008000.ethernet eth0: link up (100/Full)
IPv6: ADDRCONF(NETDEV_CHANGE): eth0: link becomes ready
OK
AH00558: httpd: Could not reliably determine the server's fully qualified domain name, using 127.0.1.1. Set the 'ServerName' directive globally to suppress this message
Starting dropbear sshd: OK
Starting sshd: OK
Starting DHCP server: FAIL

Welcome to the IBUC
ibuc login: rroooott

# 
# (reverse-i-search)'': (reverse-i-search)'p': ping 10.10.19.12(reverse-i-search)'pi': ping 10.10.19.12(reverse-i-search)'pin': ping 10.10.19.12(reverse-i-search)'ping': ping 10.10.19.12# ping 10.10.19.12ping 10.10.19.12
PING 10.10.19.12 (10.10.19.12): 56 data bytes
64 bytes from 10.10.19.12: seq=0 ttl=64 time=1.468 ms
64 bytes from 10.10.19.12: seq=1 ttl=64 time=0.784 ms
^C
--- 10.10.19.12 ping statistics ---
2 packets transmitted, 2 packets received, 0% packet loss
round-trip min/avg/max = 0.784/1.126/1.468 ms
# cd bin
# cd ..
# ls
bin         interfaces  ttyS0
# mount bin
# cd bin
# ls(reverse-i-search)'': (reverse-i-search)'.': cd ..(reverse-i-search)'./': ./core-ibuc(reverse-i-search)'./c': ./core-ibuc(reverse-i-search)'./co': ./core-ibuc(reverse-i-search)'./cor': ./core-ibuc(reverse-i-search)'./core': ./core-ibuc# ./core-ibuc./core-ibuc
IBUC Core
Timer ID: 205144
Ethernet init
Cfg and /etc/network/interface IP match
Cfg and /etc/network/interface Gateway match
cfg mask=a0a0a01, if_ip=ffff0000admin=2337

error=Please enter valid password
IBUC>
CIA
write() of 4 bytes failed!
rror=Please enter valid password
IBUC>
CPE=1234
IBUC>
CPIA
error=invalid command
IBUC>
CIA
CIA=10.10.19.20
IBUC>
CIG
CIG=10.10.10.1
IBUC>
CIM
CIG=10.10.10.1
IBUC>
CIM=155255.255.0.0
CIG=10.10.10.1
IBUC>
COI
error=invalid command
IBUC>
COMIM
error=invalid command
IBUC>
CIM
error=invalid command
IBUC>
CIM
error=invalid command
IBUC>

IBUC>

IBUC>

IBUC>
CIM
error=invalid command
IBUC>
CIM=10.10.10
errwrite() of 4 bytes failed!
r=invalid command
IBUC>
CIM
error=invalid command
IBUC>
RomBOOT


AT91Bootstrap 3.8.11 (Tue Jul 23 14:20:53 PDT 2019)

SD/MMC: Image: Read file u-boot.bin to 0x23f00000
MMC: ADMA supported
SD: Card Capacity: Standard
SD: Specification Version 3.0X
SD/MMC: Done to load image
<debug_uart> 

U-Boot 2018.07-linux4sam_6.0 (Jul 23 2019 - 14:21:02 -0700)

CPU: SAMA5D27 1G bits DDR2 SDRAM
Crystal frequency:       24 MHz
CPU clock        :      492 MHz
Master clock     :      164 MHz
DRAM:  128 MiB
MMC:   sdio-host@a0000000: 0, sdio-host@b0000000: 1
Loading Environment from FAT... OK
In:    serial@f8020000
Out:   serial@f8020000
Err:   serial@f8020000
Net:   eth0: ethernet@f8008000
Hit any key to stop autoboot:  1  0 
3920912 bytes read in 246 ms (15.2 MiB/s)
## Loading kernel from FIT Image at 21000000 ...
   Using 'kernel_dtb' configuration
   Trying 'kernel@1' kernel subimage
     Description:  Linux4SAM Linux kernel
     Type:         Kernel Image
     Compression:  uncompressed
     Data Start:   0x210000e0
     Data Size:    3879200 Bytes = 3.7 MiB
     Architecture: ARM
     OS:           Linux
     Load Address: 0x22000000
     Entry Point:  0x22000000
     Hash algo:    crc32
     Hash value:   6bc04ff1
     Hash algo:    sha1
     Hash value:   6de3a2a0549dd96833e9bbf0998e6e35423c46f2
   Verifying Hash Integrity ... crc32+ sha1+ OK
## Loading fdt from FIT Image at 21000000 ...
   Using 'kernel_dtb' configuration
   Trying 'base_fdt' fdt subimage
     Description:  Flattened Device Tree blob
     Type:         Flat Device Tree
     Compression:  uncompressed
     Data Start:   0x213b332c
     Data Size:    39685 Bytes = 38.8 KiB
     Architecture: ARM
     Load Address: 0x23000000
     Hash algo:    crc32
     Hash value:   6937a0c4
     Hash algo:    sha1
     Hash value:   1d1992fa75a654b87e28861801fbb8cae482435c
   Verifying Hash Integrity ... crc32+ sha1+ OK
   Loading fdt from 0x213b332c to 0x23000000
   Booting using the fdt blob at 0x23000000
   Loading Kernel Image ... OK
   Loading Device Tree to 27b48000, end 27b54b04 ... OK

Starting kernel ...

Booting Linux on physical CPU 0x0
Linux version 4.14.73-linux4sam_6.0 (asharma@rmcdonald-3630) (gcc version 8.2.1 20180802 (GNU Toolchain for the A-profile Architecture 8.2-2018.11 (arm-rel-8.26))) #1 Tue Jul 23 14:36:41 PDT 2019
CPU: ARMv7 Processor [410fc051] revision 1 (ARMv7), cr=10c53c7d
CPU: PIPT / VIPT nonaliasing data cache, VIPT aliasing instruction cache
OF: fdt: Machine model: Atmel SAMA5D27 SOM1 EK
Memory policy: Data cache writeback
cma: Reserved 16 MiB at 0x26800000
CPU: All CPU(s) started in SVC mode.
Built 1 zonelists, mobility grouping on.  Total pages: 32480
Kernel command line: console=ttyS0,115200 root=/dev/mmcblk1p2 rw rootwait rootfstype=ext4 atmel.pm_modes=standby,ulp1
PID hash table entries: 512 (order: -1, 2048 bytes)
Dentry cache hash table entries: 16384 (order: 4, 65536 bytes)
Inode-cache hash table entries: 8192 (order: 3, 32768 bytes)
Memory: 103524K/131072K available (6144K kernel code, 259K rwdata, 1044K rodata, 1024K init, 174K bss, 11164K reserved, 16384K cma-reserved)
Virtual kernel memory layout:
    vector  : 0xffff0000 - 0xffff1000   (   4 kB)
    fixmap  : 0xffc00000 - 0xfff00000   (3072 kB)
    vmalloc : 0xc8800000 - 0xff800000   ( 880 MB)
    lowmem  : 0xc0000000 - 0xc8000000   ( 128 MB)
    modules : 0xbf000000 - 0xc0000000   (  16 MB)
      .text : 0xc0008000 - 0xc0700000   (7136 kB)
      .init : 0xc0900000 - 0xc0a00000   (1024 kB)
      .data : 0xc0a00000 - 0xc0a40f70   ( 260 kB)
       .bss : 0xc0a40f70 - 0xc0a6c7c4   ( 175 kB)
NR_IRQS: 16, nr_irqs: 16, preallocated irqs: 16
L2C-310 ID prefetch enabled, offset 2 lines
L2C-310 dynamic clock gating enabled, standby mode enabled
L2C-310 cache controller enabled, 8 ways, 128 kB
L2C-310: CACHE_ID 0x410000c9, AUX_CTRL 0x36020000
clocksource: pit: mask: 0x7ffffff max_cycles: 0x7ffffff, max_idle_ns: 11654027029 ns
sched_clock: 32 bits at 100 Hz, resolution 10000000ns, wraps every 21474836475000000ns
Console: colour dummy device 80x30
Calibrating delay loop... 326.86 BogoMIPS (lpj=1634304)
pid_max: default: 32768 minimum: 301
Mount-cache hash table entries: 1024 (order: 0, 4096 bytes)
Mountpoint-cache hash table entries: 1024 (order: 0, 4096 bytes)
CPU: Testing write buffer coherency: ok
Setting up static identity map for 0x20100000 - 0x20100060
devtmpfs: initialized
random: get_random_u32 called from 0xc032cbe8 with crng_init=0
VFP support v0.3: implementor 41 architecture 2 part 30 variant 5 rev 1
clocksource: jiffies: mask: 0xffffffff max_cycles: 0xffffffff, max_idle_ns: 19112604462750000 ns
futex hash table entries: 256 (order: -1, 3072 bytes)
pinctrl core: initialized pinctrl subsystem
NET: Registered protocol family 16
DMA: preallocated 256 KiB pool for atomic coherent allocations
cpuidle: using governor menu
AT91: PM: standby: standby, suspend: ulp1
clocksource: tcb_clksrc: mask: 0xffffffff max_cycles: 0xffffffff, max_idle_ns: 186464433812 ns
at_xdmac f0010000.dma-controller: 16 channels, mapped at 0xc8847000
at_xdmac f0004000.dma-controller: 16 channels, mapped at 0xc8849000
AT91: Detected SoC family: sama5d2
AT91: Detected SoC: sama5d27c 128MiB SiP, revision 2
VDDANA: supplied by VDDIN_3V3
advref: supplied by VDDANA
SCSI subsystem initialized
usbcore: registered new interface driver usbfs
usbcore: registered new interface driver hub
usbcore: registered new device driver usb
at91_i2c f8028000.i2c: could not find pctldev for node /ahb/apb/pinctrl@fc038000/i2c0_default, deferring probe
media: Linux media interface: v0.10
Linux video capture interface: v2.00
pps_core: LinuxPPS API ver. 1 registered
pps_core: Software ver. 5.3.6 - Copyright 2005-2007 Rodolfo Giometti <giometti@linux.it>
PTP clock support registered
Advanced Linux Sound Architecture Driver Initialized.
clocksource: Switched to clocksource tcb_clksrc
NET: Registered protocol family 2
TCP established hash table entries: 1024 (order: 0, 4096 bytes)
TCP bind hash table entries: 1024 (order: 0, 4096 bytes)
TCP: Hash tables configured (established 1024 bind 1024)
UDP hash table entries: 256 (order: 0, 4096 bytes)
UDP-Lite hash table entries: 256 (order: 0, 4096 bytes)
NET: Registered protocol family 1
RPC: Registered named UNIX socket transport module.
RPC: Registered udp transport module.
RPC: Registered tcp transport module.
RPC: Registered tcp NFSv4.1 backchannel transport module.
workingset: timestamp_bits=14 max_order=15 bucket_order=1
io scheduler noop registered (default)
io scheduler mq-deadline registered
io scheduler kyber registered
pinctrl-at91-pio4 fc038000.pinctrl: atmel pinctrl initialized
brd: module loaded
loop: module loaded
atmel_usart_serial.0.auto: ttyS2 at MMIO 0xf801c000 (irq = 34, base_baud = 5125000) is a ATMEL_SERIAL
atmel_usart_serial.1.auto: ttyS0 at MMIO 0xf8020000 (irq = 35, base_baud = 5125000) is a ATMEL_SERIAL
console [ttyS0] enabled
atmel_usart_serial.2.auto: ttyS3 at MMIO 0xfc008000 (irq = 40, base_baud = 5125000) is a ATMEL_SERIAL
atmel_usart_serial.3.auto: ttyS1 at MMIO 0xfc00c000 (irq = 41, base_baud = 5125000) is a ATMEL_SERIAL
atmel_qspi f0024000.spi: sst26vf064b (8192 Kbytes)
5 ofpart partitions found on MTD device f0024000.spi
Creating 5 MTD partitions on "f0024000.spi":
0x000000000000-0x000000010000 : "at91bootstrap"
0x000000010000-0x0000000b0000 : "bootloader"
0x0000000b0000-0x0000000c0000 : "bootloader env"
0x0000000c0000-0x0000000e0000 : "device tree"
0x0000000e0000-0x0000004e0000 : "kernel"
atmel_spi f8000000.spi: DMA TX channel not available, SPI unable to use DMA
atmel_spi f8000000.spi: Atmel SPI Controller using PIO only
atmel_spi f8000000.spi: Using FIFO (16 data)
atmel_spi f8000000.spi: Atmel SPI Controller version 0x311 at 0xf8000000 (irq 27)
atmel_spi fc000000.spi: Using dma0chan0 (tx) and dma0chan1 (rx) for DMA transfers
atmel_spi fc000000.spi: Using FIFO (16 data)
atmel_spi fc000000.spi: Atmel SPI Controller version 0x311 at 0xfc000000 (irq 39)
libphy: Fixed MDIO Bus: probed
CAN device driver interface
libphy: MACB_mii_bus: probed
Micrel KSZ8081 or KSZ8091 f8008000.ethernet-ffffffff:07: attached PHY driver [Micrel KSZ8081 or KSZ8091] (mii_bus:phy_addr=f8008000.ethernet-ffffffff:07, irq=176)
macb f8008000.ethernet eth0: Cadence GEM rev 0x00020203 at 0xf8008000 irq 28 (54:10:ec:33:ea:9a)
ehci_hcd: USB 2.0 'Enhanced' Host Controller (EHCI) Driver
ehci-atmel: EHCI Atmel driver
ohci_hcd: USB 1.1 'Open' Host Controller (OHCI) Driver
ohci-atmel: OHCI Atmel driver
usbcore: registered new interface driver usb-storage
rtc rtc0: invalid alarm value: 1900-1-1 0:0:0
at91_rtc f80480b0.rtc: registered as rtc0
at91_rtc f80480b0.rtc: AT91 Real Time Clock driver.
i2c /dev entries driver
IR NEC protocol handler initialized
IR RC5(x/sz) protocol handler initialized
IR RC6 protocol handler initialized
IR JVC protocol handler initialized
IR Sony protocol handler initialized
IR SANYO protocol handler initialized
IR Sharp protocol handler initialized
IR MCE Keyboard/mouse protocol handler initialized
IR XMP protocol handler initialized
AT91: Starting after user reset
sama5d4_wdt f8048040.watchdog: initialized (timeout = 16 sec, nowayout = 0)
sdhci: Secure Digital Host Controller Interface driver
sdhci: Copyright(c) Pierre Ossman
sdhci-pltfm: SDHCI platform and OF driver helper
sdhci-at91 a0000000.sdio-host: update clk mul to 39 as gck rate is 480000000 Hz
mmc0: SDHCI controller on a0000000.sdio-host [a0000000.sdio-host] using ADMA
sdhci-at91 b0000000.sdio-host: update clk mul to 39 as gck rate is 480000000 Hz
mmc1: SDHCI controller on b0000000.sdio-host [b0000000.sdio-host] using ADMA
ledtrig-cpu: registered to indicate activity on CPUs
atmel_aes f002c000.aes: version: 0x500
atmel_aes f002c000.aes: Atmel AES - Using dma0chan2, dma0chan3 for DMA transfers
atmel_sha f0028000.sha: version: 0x510
atmel_sha f0028000.sha: using dma0chan4 for DMA transfers
atmel_sha f0028000.sha: Atmel SHA1/SHA256/SHA224/SHA384/SHA512
atmel_tdes fc044000.tdes: version: 0x703
atmel_tdes fc044000.tdes: using dma0chan5, dma0chan6 for DMA transfers
atmel_tdes fc044000.tdes: Atmel DES/TDES
at91-sama5d2_adc fc030000.adc: setting up trigger as external_rising
at91-sama5d2_adc fc030000.adc: version: 800
ip_tables: (C) 2000-2006 Netfilter Core Team
NET: Registered protocol family 10
Segment Routing with IPv6
sit: IPv6, IPv4 and MPLS over IPv4 tunneling driver
NET: Registered protocol family 17
can: controller area network core (rev 20170425 abi 9)
NET: Registered protocol family 29
can: raw protocol (rev 20170425)
can: broadcast manager protocol (rev 20170425 t)
can: netlink gateway (rev 20170425) max_hops=1
at91_i2c f8028000.i2c: can't get DMA channel, continue without DMA support
at91_i2c f8028000.i2c: Using FIFO (16 data)
at24 0-0050: 256 byte 24c02 EEPROM, writable, 8 bytes/write
at91_i2c f8028000.i2c: AT91 i2c bus driver (hw version: 0x704).
mmc1: new high speed SD card at address e624
mmcblk1: mmc1:e624 SU02G 1.84 GiB 
pinctrl-at91-pio4 fc038000.pinctrl: pin PA29 already requested by f8000000.spi; cannot claim for gpio_keys
pinctrl-at91-pio4 fc038000.pinctrl: pin-29 (gpio_keys) status -22
pinctrl-at91-pio4 fc038000.pinctrl: could not request pin 29 (PA29) from group PA29  on device atmel_pinctrl
gpio-keys gpio_keys: Error applying setting, reverse things back
gpio-keys: probe of gpio_keys failed with error -22
at91_rtc f80480b0.rtc: setting system clock to 2012-01-28 15:55:11 UTC (1327766111)
ALSA device list:
  #0: Dummy 1
 mmcblk1: p1 p2
atmel_usart_serial atmel_usart_serial.1.auto: using dma0chan7 for rx DMA transfers
atmel_usart_serial atmel_usart_serial.1.auto: using dma0chan8 for tx DMA transfers
random: fast init done
EXT4-fs (mmcblk1p2): recovery complete
EXT4-fs (mmcblk1p2): mounted filesystem with ordered data mode. Opts: (null)
VFS: Mounted root (ext4 filesystem) on device 179:2.
devtmpfs: mounted
Freeing unused kernel memory: 1024K
EXT4-fs (mmcblk1p2): re-mounted. Opts: data=ordered
mount: mounting 10.10.19.12:/home/asharma/dev/buildroot-at91/output/target/usr/bin on /root/bin failed: Network is unreachable
Starting syslogd: OK
Starting klogd: OK
Populating /dev using udev: udevd[118]: starting version 3.2.7
random: udevd: uninitialized urandom read (16 bytes read)
random: udevd: uninitialized urandom read (16 bytes read)
random: udevd: uninitialized urandom read (16 bytes read)
udevd[118]: specified group 'kvm' unknown
udevd[119]: starting eudev-3.2.7
done
Initializing random number generator... urandom_read: 1 callbacks suppressed
random: dd: uninitialized urandom read (512 bytes read)
done.
Starting rngd: OK
random: crng init done
Starting system message bus: dbus-daemon[153]: Failed to start message bus: Could not get UID and GID for username "dbus"
done
Starting network: IPv6: ADDRCONF(NETDEV_UP): eth0: link is not ready
macb f8008000.ethernet eth0: link up (100/Full)
IPv6: ADDRCONF(NETDEV_CHANGE): eth0: link becomes ready
OK
AH00558: httpd: Could not reliably determine the server's fully qualified domain name, using 127.0.1.1. Set the 'ServerName' directive globally to suppress this message
Starting dropbear sshd: OK
Starting sshd: OK
Starting DHCP server: FAIL

Welcome to the IBUC
ibuc login: rroooott

# cc

# (reverse-i-search)'': m(reverse-i-search)'m': mount bino(reverse-i-search)'mo': mount binu(reverse-i-search)'mou': mount binn(reverse-i-search)'moun': mount bint(reverse-i-search)'mount': mount bin
# mount binmount bin
# ccdd  bbiinn

^C

^C^Z^Z

^\

RomBOOT


AT91Bootstrap 3.8.11 (Tue Jul 23 14:20:53 PDT 2019)

SD/MMC: Image: Read file u-boot.bin to 0x23f00000
MMC: ADMA supported
SD: Card Capacity: Standard
SD: Specification Version 3.0X
SD/MMC: Done to load image
<debug_uart> 

U-Boot 2018.07-linux4sam_6.0 (Jul 23 2019 - 14:21:02 -0700)

CPU: SAMA5D27 1G bits DDR2 SDRAM
Crystal frequency:       24 MHz
CPU clock        :      492 MHz
Master clock     :      164 MHz
DRAM:  128 MiB
MMC:   sdio-host@a0000000: 0, sdio-host@b0000000: 1
Loading Environment from FAT... OK
In:    serial@f8020000
Out:   serial@f8020000
Err:   serial@f8020000
Net:   eth0: ethernet@f8008000
Hit any key to stop autoboot:  1  0 
3920912 bytes read in 247 ms (15.1 MiB/s)
## Loading kernel from FIT Image at 21000000 ...
   Using 'kernel_dtb' configuration
   Trying 'kernel@1' kernel subimage
     Description:  Linux4SAM Linux kernel
     Type:         Kernel Image
     Compression:  uncompressed
     Data Start:   0x210000e0
     Data Size:    3879200 Bytes = 3.7 MiB
     Architecture: ARM
     OS:           Linux
     Load Address: 0x22000000
     Entry Point:  0x22000000
     Hash algo:    crc32
     Hash value:   6bc04ff1
     Hash algo:    sha1
     Hash value:   6de3a2a0549dd96833e9bbf0998e6e35423c46f2
   Verifying Hash Integrity ... crc32+ sha1+ OK
## Loading fdt from FIT Image at 21000000 ...
   Using 'kernel_dtb' configuration
   Trying 'base_fdt' fdt subimage
     Description:  Flattened Device Tree blob
     Type:         Flat Device Tree
     Compression:  uncompressed
     Data Start:   0x213b332c
     Data Size:    39685 Bytes = 38.8 KiB
     Architecture: ARM
     Load Address: 0x23000000
     Hash algo:    crc32
     Hash value:   6937a0c4
     Hash algo:    sha1
     Hash value:   1d1992fa75a654b87e28861801fbb8cae482435c
   Verifying Hash Integrity ... crc32+ sha1+ OK
   Loading fdt from 0x213b332c to 0x23000000
   Booting using the fdt blob at 0x23000000
   Loading Kernel Image ... OK
   Loading Device Tree to 27b48000, end 27b54b04 ... OK

Starting kernel ...

Booting Linux on physical CPU 0x0
Linux version 4.14.73-linux4sam_6.0 (asharma@rmcdonald-3630) (gcc version 8.2.1 20180802 (GNU Toolchain for the A-profile Architecture 8.2-2018.11 (arm-rel-8.26))) #1 Tue Jul 23 14:36:41 PDT 2019
CPU: ARMv7 Processor [410fc051] revision 1 (ARMv7), cr=10c53c7d
CPU: PIPT / VIPT nonaliasing data cache, VIPT aliasing instruction cache
OF: fdt: Machine model: Atmel SAMA5D27 SOM1 EK
Memory policy: Data cache writeback
cma: Reserved 16 MiB at 0x26800000
CPU: All CPU(s) started in SVC mode.
Built 1 zonelists, mobility grouping on.  Total pages: 32480
Kernel command line: console=ttyS0,115200 root=/dev/mmcblk1p2 rw rootwait rootfstype=ext4 atmel.pm_modes=standby,ulp1
PID hash table entries: 512 (order: -1, 2048 bytes)
Dentry cache hash table entries: 16384 (order: 4, 65536 bytes)
Inode-cache hash table entries: 8192 (order: 3, 32768 bytes)
Memory: 103524K/131072K available (6144K kernel code, 259K rwdata, 1044K rodata, 1024K init, 174K bss, 11164K reserved, 16384K cma-reserved)
Virtual kernel memory layout:
    vector  : 0xffff0000 - 0xffff1000   (   4 kB)
    fixmap  : 0xffc00000 - 0xfff00000   (3072 kB)
    vmalloc : 0xc8800000 - 0xff800000   ( 880 MB)
    lowmem  : 0xc0000000 - 0xc8000000   ( 128 MB)
    modules : 0xbf000000 - 0xc0000000   (  16 MB)
      .text : 0xc0008000 - 0xc0700000   (7136 kB)
      .init : 0xc0900000 - 0xc0a00000   (1024 kB)
      .data : 0xc0a00000 - 0xc0a40f70   ( 260 kB)
       .bss : 0xc0a40f70 - 0xc0a6c7c4   ( 175 kB)
NR_IRQS: 16, nr_irqs: 16, preallocated irqs: 16
L2C-310 ID prefetch enabled, offset 2 lines
L2C-310 dynamic clock gating enabled, standby mode enabled
L2C-310 cache controller enabled, 8 ways, 128 kB
L2C-310: CACHE_ID 0x410000c9, AUX_CTRL 0x36020000
clocksource: pit: mask: 0x7ffffff max_cycles: 0x7ffffff, max_idle_ns: 11654027029 ns
sched_clock: 32 bits at 100 Hz, resolution 10000000ns, wraps every 21474836475000000ns
Console: colour dummy device 80x30
Calibrating delay loop... 326.86 BogoMIPS (lpj=1634304)
pid_max: default: 32768 minimum: 301
Mount-cache hash table entries: 1024 (order: 0, 4096 bytes)
Mountpoint-cache hash table entries: 1024 (order: 0, 4096 bytes)
CPU: Testing write buffer coherency: ok
Setting up static identity map for 0x20100000 - 0x20100060
devtmpfs: initialized
random: get_random_u32 called from 0xc032cbe8 with crng_init=0
VFP support v0.3: implementor 41 architecture 2 part 30 variant 5 rev 1
clocksource: jiffies: mask: 0xffffffff max_cycles: 0xffffffff, max_idle_ns: 19112604462750000 ns
futex hash table entries: 256 (order: -1, 3072 bytes)
pinctrl core: initialized pinctrl subsystem
NET: Registered protocol family 16
DMA: preallocated 256 KiB pool for atomic coherent allocations
cpuidle: using governor menu
AT91: PM: standby: standby, suspend: ulp1
clocksource: tcb_clksrc: mask: 0xffffffff max_cycles: 0xffffffff, max_idle_ns: 186464433812 ns
at_xdmac f0010000.dma-controller: 16 channels, mapped at 0xc8847000
at_xdmac f0004000.dma-controller: 16 channels, mapped at 0xc8849000
AT91: Detected SoC family: sama5d2
AT91: Detected SoC: sama5d27c 128MiB SiP, revision 2
VDDANA: supplied by VDDIN_3V3
advref: supplied by VDDANA
SCSI subsystem initialized
usbcore: registered new interface driver usbfs
usbcore: registered new interface driver hub
usbcore: registered new device driver usb
at91_i2c f8028000.i2c: could not find pctldev for node /ahb/apb/pinctrl@fc038000/i2c0_default, deferring probe
media: Linux media interface: v0.10
Linux video capture interface: v2.00
pps_core: LinuxPPS API ver. 1 registered
pps_core: Software ver. 5.3.6 - Copyright 2005-2007 Rodolfo Giometti <giometti@linux.it>
PTP clock support registered
Advanced Linux Sound Architecture Driver Initialized.
clocksource: Switched to clocksource tcb_clksrc
NET: Registered protocol family 2
TCP established hash table entries: 1024 (order: 0, 4096 bytes)
TCP bind hash table entries: 1024 (order: 0, 4096 bytes)
TCP: Hash tables configured (established 1024 bind 1024)
UDP hash table entries: 256 (order: 0, 4096 bytes)
UDP-Lite hash table entries: 256 (order: 0, 4096 bytes)
NET: Registered protocol family 1
RPC: Registered named UNIX socket transport module.
RPC: Registered udp transport module.
RPC: Registered tcp transport module.
RPC: Registered tcp NFSv4.1 backchannel transport module.
workingset: timestamp_bits=14 max_order=15 bucket_order=1
io scheduler noop registered (default)
io scheduler mq-deadline registered
io scheduler kyber registered
pinctrl-at91-pio4 fc038000.pinctrl: atmel pinctrl initialized
brd: module loaded
loop: module loaded
atmel_usart_serial.0.auto: ttyS2 at MMIO 0xf801c000 (irq = 34, base_baud = 5125000) is a ATMEL_SERIAL
atmel_usart_serial.1.auto: ttyS0 at MMIO 0xf8020000 (irq = 35, base_baud = 5125000) is a ATMEL_SERIAL
console [ttyS0] enabled
atmel_usart_serial.2.auto: ttyS3 at MMIO 0xfc008000 (irq = 40, base_baud = 5125000) is a ATMEL_SERIAL
atmel_usart_serial.3.auto: ttyS1 at MMIO 0xfc00c000 (irq = 41, base_baud = 5125000) is a ATMEL_SERIAL
atmel_qspi f0024000.spi: sst26vf064b (8192 Kbytes)
5 ofpart partitions found on MTD device f0024000.spi
Creating 5 MTD partitions on "f0024000.spi":
0x000000000000-0x000000010000 : "at91bootstrap"
0x000000010000-0x0000000b0000 : "bootloader"
0x0000000b0000-0x0000000c0000 : "bootloader env"
0x0000000c0000-0x0000000e0000 : "device tree"
0x0000000e0000-0x0000004e0000 : "kernel"
atmel_spi f8000000.spi: DMA TX channel not available, SPI unable to use DMA
atmel_spi f8000000.spi: Atmel SPI Controller using PIO only
atmel_spi f8000000.spi: Using FIFO (16 data)
atmel_spi f8000000.spi: Atmel SPI Controller version 0x311 at 0xf8000000 (irq 27)
atmel_spi fc000000.spi: Using dma0chan0 (tx) and dma0chan1 (rx) for DMA transfers
atmel_spi fc000000.spi: Using FIFO (16 data)
atmel_spi fc000000.spi: Atmel SPI Controller version 0x311 at 0xfc000000 (irq 39)
libphy: Fixed MDIO Bus: probed
CAN device driver interface
libphy: MACB_mii_bus: probed
Micrel KSZ8081 or KSZ8091 f8008000.ethernet-ffffffff:07: attached PHY driver [Micrel KSZ8081 or KSZ8091] (mii_bus:phy_addr=f8008000.ethernet-ffffffff:07, irq=176)
macb f8008000.ethernet eth0: Cadence GEM rev 0x00020203 at 0xf8008000 irq 28 (54:10:ec:33:ea:9a)
ehci_hcd: USB 2.0 'Enhanced' Host Controller (EHCI) Driver
ehci-atmel: EHCI Atmel driver
ohci_hcd: USB 1.1 'Open' Host Controller (OHCI) Driver
ohci-atmel: OHCI Atmel driver
usbcore: registered new interface driver usb-storage
rtc rtc0: invalid alarm value: 1900-1-1 0:0:0
at91_rtc f80480b0.rtc: registered as rtc0
at91_rtc f80480b0.rtc: AT91 Real Time Clock driver.
i2c /dev entries driver
IR NEC protocol handler initialized
IR RC5(x/sz) protocol handler initialized
IR RC6 protocol handler initialized
IR JVC protocol handler initialized
IR Sony protocol handler initialized
IR SANYO protocol handler initialized
IR Sharp protocol handler initialized
IR MCE Keyboard/mouse protocol handler initialized
IR XMP protocol handler initialized
AT91: Starting after user reset
sama5d4_wdt f8048040.watchdog: initialized (timeout = 16 sec, nowayout = 0)
sdhci: Secure Digital Host Controller Interface driver
sdhci: Copyright(c) Pierre Ossman
sdhci-pltfm: SDHCI platform and OF driver helper
sdhci-at91 a0000000.sdio-host: update clk mul to 39 as gck rate is 480000000 Hz
mmc0: SDHCI controller on a0000000.sdio-host [a0000000.sdio-host] using ADMA
sdhci-at91 b0000000.sdio-host: update clk mul to 39 as gck rate is 480000000 Hz
mmc1: SDHCI controller on b0000000.sdio-host [b0000000.sdio-host] using ADMA
ledtrig-cpu: registered to indicate activity on CPUs
atmel_aes f002c000.aes: version: 0x500
atmel_aes f002c000.aes: Atmel AES - Using dma0chan2, dma0chan3 for DMA transfers
atmel_sha f0028000.sha: version: 0x510
atmel_sha f0028000.sha: using dma0chan4 for DMA transfers
atmel_sha f0028000.sha: Atmel SHA1/SHA256/SHA224/SHA384/SHA512
atmel_tdes fc044000.tdes: version: 0x703
atmel_tdes fc044000.tdes: using dma0chan5, dma0chan6 for DMA transfers
atmel_tdes fc044000.tdes: Atmel DES/TDES
at91-sama5d2_adc fc030000.adc: setting up trigger as external_rising
at91-sama5d2_adc fc030000.adc: version: 800
ip_tables: (C) 2000-2006 Netfilter Core Team
NET: Registered protocol family 10
Segment Routing with IPv6
sit: IPv6, IPv4 and MPLS over IPv4 tunneling driver
NET: Registered protocol family 17
can: controller area network core (rev 20170425 abi 9)
NET: Registered protocol family 29
can: raw protocol (rev 20170425)
can: broadcast manager protocol (rev 20170425 t)
can: netlink gateway (rev 20170425) max_hops=1
at91_i2c f8028000.i2c: can't get DMA channel, continue without DMA support
at91_i2c f8028000.i2c: Using FIFO (16 data)
at24 0-0050: 256 byte 24c02 EEPROM, writable, 8 bytes/write
at91_i2c f8028000.i2c: AT91 i2c bus driver (hw version: 0x704).
mmc1: new high speed SD card at address e624
mmcblk1: mmc1:e624 SU02G 1.84 GiB 
pinctrl-at91-pio4 fc038000.pinctrl: pin PA29 already requested by f8000000.spi; cannot claim for gpio_keys
pinctrl-at91-pio4 fc038000.pinctrl: pin-29 (gpio_keys) status -22
pinctrl-at91-pio4 fc038000.pinctrl: could not request pin 29 (PA29) from group PA29  on device atmel_pinctrl
gpio-keys gpio_keys: Error applying setting, reverse things back
gpio-keys: probe of gpio_keys failed with error -22
at91_rtc f80480b0.rtc: setting system clock to 2012-01-28 15:55:41 UTC (1327766141)
ALSA device list:
  #0: Dummy 1
 mmcblk1: p1 p2
atmel_usart_serial atmel_usart_serial.1.auto: using dma0chan7 for rx DMA transfers
atmel_usart_serial atmel_usart_serial.1.auto: using dma0chan8 for tx DMA transfers
random: fast init done
EXT4-fs (mmcblk1p2): recovery complete
EXT4-fs (mmcblk1p2): mounted filesystem with ordered data mode. Opts: (null)
VFS: Mounted root (ext4 filesystem) on device 179:2.
devtmpfs: mounted
Freeing unused kernel memory: 1024K
EXT4-fs (mmcblk1p2): re-mounted. Opts: data=ordered
mount: mounting 10.10.19.12:/home/asharma/dev/buildroot-at91/output/target/usr/bin on /root/bin failed: Network is unreachable
Starting syslogd: OK
Starting klogd: OK
Populating /dev using udev: udevd[118]: starting version 3.2.7
random: udevd: uninitialized urandom read (16 bytes read)
random: udevd: uninitialized urandom read (16 bytes read)
random: udevd: uninitialized urandom read (16 bytes read)
udevd[118]: specified group 'kvm' unknown
udevd[119]: starting eudev-3.2.7
done
Initializing random number generator... urandom_read: 1 callbacks suppressed
random: dd: uninitialized urandom read (512 bytes read)
done.
Starting rngd: OK
random: crng init done
Starting system message bus: dbus-daemon[153]: Failed to start message bus: Could not get UID and GID for username "dbus"
done
Starting network: IPv6: ADDRCONF(NETDEV_UP): eth0: link is not ready
macb f8008000.ethernet eth0: link up (100/Full)
IPv6: ADDRCONF(NETDEV_CHANGE): eth0: link becomes ready
OK
AH00558: httpd: Could not reliably determine the server's fully qualified domain name, using 127.0.1.1. Set the 'ServerName' directive globally to suppress this message
Starting dropbear sshd: OK
Starting sshd: OK
Starting DHCP server: FAIL

Welcome to the IBUC
ibuc login: rroooott

# (reverse-i-search)'': p(reverse-i-search)'p': ping 10.10.19.12i(reverse-i-search)'pi': ping 10.10.19.12n(reverse-i-search)'pin': ping 10.10.19.12g(reverse-i-search)'ping': ping 10.10.19.12
# ping 10.10.19.12ping 10.10.19.12
PING 10.10.19.12 (10.10.19.12): 56 data bytes
64 bytes from 10.10.19.12: seq=0 ttl=64 time=1.240 ms
^C
--- 10.10.19.12 ping statistics ---
1 packets transmitted, 1 packets received, 0% packet loss
round-trip min/avg/max = 1.240/1.240/1.240 ms
# ccdd  mmoouunntt  bbiinn

ccdd  bbiinn

mount: mounting 10.10.19.12:/home/asharma/dev/buildroot-at91/output/target/usr/bin on /root/bin failed: Connection timed out
# cd bin
# 

# 

# llss

# ping ^C
# (reverse-i-search)'': (reverse-i-search)'p': ping 10.10.19.12(reverse-i-search)'pi': ping 10.10.19.12(reverse-i-search)'pin': ping 10.10.19.12(reverse-i-search)'ping': ping 10.10.19.12# ping 10.10.19.12ping 10.10.19.12
PING 10.10.19.12 (10.10.19.12): 56 data bytes
64 bytes from 10.10.19.12: seq=0 ttl=64 time=0.805 ms
64 bytes from 10.10.19.12: seq=1 ttl=64 time=0.814 ms
^C
--- 10.10.19.12 ping statistics ---
2 packets transmitted, 2 packets received, 0% packet loss
round-trip min/avg/max = 0.805/0.809/0.814 ms
# 
# ls
# cd wdpwd
/root/bin
# cd 
# (reverse-i-search)'': (reverse-i-search)'m': mount bin(reverse-i-search)'mo': mount bin(reverse-i-search)'mou': mount bin(reverse-i-search)'moun': mount bin(reverse-i-search)'mount': mount bin# mount binmount bin
# cd bin
# (reverse-i-search)'': (reverse-i-search)'.': ping 10.10.19.12(reverse-i-search)'./': ./core-ibuc(reverse-i-search)'./c': ./core-ibuc(reverse-i-search)'./co': ./core-ibuc# ./core-ibuc./core-ibuc
IBUC Core
Timer ID: 205144
Ethernet init
Cfg and /etc/network/interface IP match
Cfg and /etc/network/interface Gateway match
cfg mask=a0a0a01, if_ip=ffff0000admin=2337
CPE=1234
IBUC>
CIA
CIA=10.10.19.20
IBUC>
CIG
CIG=10.10.10.1
IBUC>
CIM
CIG=10.10.10.1
IBUC>
RomBOOT


AT91Bootstrap 3.8.11 (Tue Jul 23 14:20:53 PDT 2019)

SD/MMC: Image: Read file u-boot.bin to 0x23f00000
MMC: ADMA supported
SD: Card Capacity: Standard
SD: Specification Version 3.0X
SD/MMC: Done to load image
<debug_uart> 

U-Boot 2018.07-linux4sam_6.0 (Jul 23 2019 - 14:21:02 -0700)

CPU: SAMA5D27 1G bits DDR2 SDRAM
Crystal frequency:       24 MHz
CPU clock        :      492 MHz
Master clock     :      164 MHz
DRAM:  128 MiB
MMC:   sdio-host@a0000000: 0, sdio-host@b0000000: 1
Loading Environment from FAT... OK
In:    serial@f8020000
Out:   serial@f8020000
Err:   serial@f8020000
Net:   eth0: ethernet@f8008000
Hit any key to stop autoboot:  1  0 
3920912 bytes read in 247 ms (15.1 MiB/s)
## Loading kernel from FIT Image at 21000000 ...
   Using 'kernel_dtb' configuration
   Trying 'kernel@1' kernel subimage
     Description:  Linux4SAM Linux kernel
     Type:         Kernel Image
     Compression:  uncompressed
     Data Start:   0x210000e0
     Data Size:    3879200 Bytes = 3.7 MiB
     Architecture: ARM
     OS:           Linux
     Load Address: 0x22000000
     Entry Point:  0x22000000
     Hash algo:    crc32
     Hash value:   6bc04ff1
     Hash algo:    sha1
     Hash value:   6de3a2a0549dd96833e9bbf0998e6e35423c46f2
   Verifying Hash Integrity ... crc32+ sha1+ OK
## Loading fdt from FIT Image at 21000000 ...
   Using 'kernel_dtb' configuration
   Trying 'base_fdt' fdt subimage
     Description:  Flattened Device Tree blob
     Type:         Flat Device Tree
     Compression:  uncompressed
     Data Start:   0x213b332c
     Data Size:    39685 Bytes = 38.8 KiB
     Architecture: ARM
     Load Address: 0x23000000
     Hash algo:    crc32
     Hash value:   6937a0c4
     Hash algo:    sha1
     Hash value:   1d1992fa75a654b87e28861801fbb8cae482435c
   Verifying Hash Integrity ... crc32+ sha1+ OK
   Loading fdt from 0x213b332c to 0x23000000
   Booting using the fdt blob at 0x23000000
   Loading Kernel Image ... OK
   Loading Device Tree to 27b48000, end 27b54b04 ... OK

Starting kernel ...

Booting Linux on physical CPU 0x0
Linux version 4.14.73-linux4sam_6.0 (asharma@rmcdonald-3630) (gcc version 8.2.1 20180802 (GNU Toolchain for the A-profile Architecture 8.2-2018.11 (arm-rel-8.26))) #1 Tue Jul 23 14:36:41 PDT 2019
CPU: ARMv7 Processor [410fc051] revision 1 (ARMv7), cr=10c53c7d
CPU: PIPT / VIPT nonaliasing data cache, VIPT aliasing instruction cache
OF: fdt: Machine model: Atmel SAMA5D27 SOM1 EK
Memory policy: Data cache writeback
cma: Reserved 16 MiB at 0x26800000
CPU: All CPU(s) started in SVC mode.
Built 1 zonelists, mobility grouping on.  Total pages: 32480
Kernel command line: console=ttyS0,115200 root=/dev/mmcblk1p2 rw rootwait rootfstype=ext4 atmel.pm_modes=standby,ulp1
PID hash table entries: 512 (order: -1, 2048 bytes)
Dentry cache hash table entries: 16384 (order: 4, 65536 bytes)
Inode-cache hash table entries: 8192 (order: 3, 32768 bytes)
Memory: 103524K/131072K available (6144K kernel code, 259K rwdata, 1044K rodata, 1024K init, 174K bss, 11164K reserved, 16384K cma-reserved)
Virtual kernel memory layout:
    vector  : 0xffff0000 - 0xffff1000   (   4 kB)
    fixmap  : 0xffc00000 - 0xfff00000   (3072 kB)
    vmalloc : 0xc8800000 - 0xff800000   ( 880 MB)
    lowmem  : 0xc0000000 - 0xc8000000   ( 128 MB)
    modules : 0xbf000000 - 0xc0000000   (  16 MB)
      .text : 0xc0008000 - 0xc0700000   (7136 kB)
      .init : 0xc0900000 - 0xc0a00000   (1024 kB)
      .data : 0xc0a00000 - 0xc0a40f70   ( 260 kB)
       .bss : 0xc0a40f70 - 0xc0a6c7c4   ( 175 kB)
NR_IRQS: 16, nr_irqs: 16, preallocated irqs: 16
L2C-310 ID prefetch enabled, offset 2 lines
L2C-310 dynamic clock gating enabled, standby mode enabled
L2C-310 cache controller enabled, 8 ways, 128 kB
L2C-310: CACHE_ID 0x410000c9, AUX_CTRL 0x36020000
clocksource: pit: mask: 0x7ffffff max_cycles: 0x7ffffff, max_idle_ns: 11654027029 ns
sched_clock: 32 bits at 100 Hz, resolution 10000000ns, wraps every 21474836475000000ns
Console: colour dummy device 80x30
Calibrating delay loop... 326.86 BogoMIPS (lpj=1634304)
pid_max: default: 32768 minimum: 301
Mount-cache hash table entries: 1024 (order: 0, 4096 bytes)
Mountpoint-cache hash table entries: 1024 (order: 0, 4096 bytes)
CPU: Testing write buffer coherency: ok
Setting up static identity map for 0x20100000 - 0x20100060
devtmpfs: initialized
random: get_random_u32 called from 0xc032cbe8 with crng_init=0
VFP support v0.3: implementor 41 architecture 2 part 30 variant 5 rev 1
clocksource: jiffies: mask: 0xffffffff max_cycles: 0xffffffff, max_idle_ns: 19112604462750000 ns
futex hash table entries: 256 (order: -1, 3072 bytes)
pinctrl core: initialized pinctrl subsystem
NET: Registered protocol family 16
DMA: preallocated 256 KiB pool for atomic coherent allocations
cpuidle: using governor menu
AT91: PM: standby: standby, suspend: ulp1
clocksource: tcb_clksrc: mask: 0xffffffff max_cycles: 0xffffffff, max_idle_ns: 186464433812 ns
at_xdmac f0010000.dma-controller: 16 channels, mapped at 0xc8847000
at_xdmac f0004000.dma-controller: 16 channels, mapped at 0xc8849000
AT91: Detected SoC family: sama5d2
AT91: Detected SoC: sama5d27c 128MiB SiP, revision 2
VDDANA: supplied by VDDIN_3V3
advref: supplied by VDDANA
SCSI subsystem initialized
usbcore: registered new interface driver usbfs
usbcore: registered new interface driver hub
usbcore: registered new device driver usb
at91_i2c f8028000.i2c: could not find pctldev for node /ahb/apb/pinctrl@fc038000/i2c0_default, deferring probe
media: Linux media interface: v0.10
Linux video capture interface: v2.00
pps_core: LinuxPPS API ver. 1 registered
pps_core: Software ver. 5.3.6 - Copyright 2005-2007 Rodolfo Giometti <giometti@linux.it>
PTP clock support registered
Advanced Linux Sound Architecture Driver Initialized.
clocksource: Switched to clocksource tcb_clksrc
NET: Registered protocol family 2
TCP established hash table entries: 1024 (order: 0, 4096 bytes)
TCP bind hash table entries: 1024 (order: 0, 4096 bytes)
TCP: Hash tables configured (established 1024 bind 1024)
UDP hash table entries: 256 (order: 0, 4096 bytes)
UDP-Lite hash table entries: 256 (order: 0, 4096 bytes)
NET: Registered protocol family 1
RPC: Registered named UNIX socket transport module.
RPC: Registered udp transport module.
RPC: Registered tcp transport module.
RPC: Registered tcp NFSv4.1 backchannel transport module.
workingset: timestamp_bits=14 max_order=15 bucket_order=1
io scheduler noop registered (default)
io scheduler mq-deadline registered
io scheduler kyber registered
pinctrl-at91-pio4 fc038000.pinctrl: atmel pinctrl initialized
brd: module loaded
loop: module loaded
atmel_usart_serial.0.auto: ttyS2 at MMIO 0xf801c000 (irq = 34, base_baud = 5125000) is a ATMEL_SERIAL
atmel_usart_serial.1.auto: ttyS0 at MMIO 0xf8020000 (irq = 35, base_baud = 5125000) is a ATMEL_SERIAL
console [ttyS0] enabled
atmel_usart_serial.2.auto: ttyS3 at MMIO 0xfc008000 (irq = 40, base_baud = 5125000) is a ATMEL_SERIAL
atmel_usart_serial.3.auto: ttyS1 at MMIO 0xfc00c000 (irq = 41, base_baud = 5125000) is a ATMEL_SERIAL
atmel_qspi f0024000.spi: sst26vf064b (8192 Kbytes)
5 ofpart partitions found on MTD device f0024000.spi
Creating 5 MTD partitions on "f0024000.spi":
0x000000000000-0x000000010000 : "at91bootstrap"
0x000000010000-0x0000000b0000 : "bootloader"
0x0000000b0000-0x0000000c0000 : "bootloader env"
0x0000000c0000-0x0000000e0000 : "device tree"
0x0000000e0000-0x0000004e0000 : "kernel"
atmel_spi f8000000.spi: DMA TX channel not available, SPI unable to use DMA
atmel_spi f8000000.spi: Atmel SPI Controller using PIO only
atmel_spi f8000000.spi: Using FIFO (16 data)
atmel_spi f8000000.spi: Atmel SPI Controller version 0x311 at 0xf8000000 (irq 27)
atmel_spi fc000000.spi: Using dma0chan0 (tx) and dma0chan1 (rx) for DMA transfers
atmel_spi fc000000.spi: Using FIFO (16 data)
atmel_spi fc000000.spi: Atmel SPI Controller version 0x311 at 0xfc000000 (irq 39)
libphy: Fixed MDIO Bus: probed
CAN device driver interface
libphy: MACB_mii_bus: probed
Micrel KSZ8081 or KSZ8091 f8008000.ethernet-ffffffff:07: attached PHY driver [Micrel KSZ8081 or KSZ8091] (mii_bus:phy_addr=f8008000.ethernet-ffffffff:07, irq=176)
macb f8008000.ethernet eth0: Cadence GEM rev 0x00020203 at 0xf8008000 irq 28 (54:10:ec:33:ea:9a)
ehci_hcd: USB 2.0 'Enhanced' Host Controller (EHCI) Driver
ehci-atmel: EHCI Atmel driver
ohci_hcd: USB 1.1 'Open' Host Controller (OHCI) Driver
ohci-atmel: OHCI Atmel driver
usbcore: registered new interface driver usb-storage
rtc rtc0: invalid alarm value: 1900-1-1 0:0:0
at91_rtc f80480b0.rtc: registered as rtc0
at91_rtc f80480b0.rtc: AT91 Real Time Clock driver.
i2c /dev entries driver
IR NEC protocol handler initialized
IR RC5(x/sz) protocol handler initialized
IR RC6 protocol handler initialized
IR JVC protocol handler initialized
IR Sony protocol handler initialized
IR SANYO protocol handler initialized
IR Sharp protocol handler initialized
IR MCE Keyboard/mouse protocol handler initialized
IR XMP protocol handler initialized
AT91: Starting after user reset
sama5d4_wdt f8048040.watchdog: initialized (timeout = 16 sec, nowayout = 0)
sdhci: Secure Digital Host Controller Interface driver
sdhci: Copyright(c) Pierre Ossman
sdhci-pltfm: SDHCI platform and OF driver helper
sdhci-at91 a0000000.sdio-host: update clk mul to 39 as gck rate is 480000000 Hz
mmc0: SDHCI controller on a0000000.sdio-host [a0000000.sdio-host] using ADMA
sdhci-at91 b0000000.sdio-host: update clk mul to 39 as gck rate is 480000000 Hz
mmc1: SDHCI controller on b0000000.sdio-host [b0000000.sdio-host] using ADMA
ledtrig-cpu: registered to indicate activity on CPUs
atmel_aes f002c000.aes: version: 0x500
atmel_aes f002c000.aes: Atmel AES - Using dma0chan2, dma0chan3 for DMA transfers
atmel_sha f0028000.sha: version: 0x510
atmel_sha f0028000.sha: using dma0chan4 for DMA transfers
atmel_sha f0028000.sha: Atmel SHA1/SHA256/SHA224/SHA384/SHA512
atmel_tdes fc044000.tdes: version: 0x703
atmel_tdes fc044000.tdes: using dma0chan5, dma0chan6 for DMA transfers
atmel_tdes fc044000.tdes: Atmel DES/TDES
at91-sama5d2_adc fc030000.adc: setting up trigger as external_rising
at91-sama5d2_adc fc030000.adc: version: 800
ip_tables: (C) 2000-2006 Netfilter Core Team
NET: Registered protocol family 10
Segment Routing with IPv6
sit: IPv6, IPv4 and MPLS over IPv4 tunneling driver
NET: Registered protocol family 17
can: controller area network core (rev 20170425 abi 9)
NET: Registered protocol family 29
can: raw protocol (rev 20170425)
can: broadcast manager protocol (rev 20170425 t)
can: netlink gateway (rev 20170425) max_hops=1
at91_i2c f8028000.i2c: can't get DMA channel, continue without DMA support
at91_i2c f8028000.i2c: Using FIFO (16 data)
at24 0-0050: 256 byte 24c02 EEPROM, writable, 8 bytes/write
at91_i2c f8028000.i2c: AT91 i2c bus driver (hw version: 0x704).
mmc1: new high speed SD card at address e624
mmcblk1: mmc1:e624 SU02G 1.84 GiB 
pinctrl-at91-pio4 fc038000.pinctrl: pin PA29 already requested by f8000000.spi; cannot claim for gpio_keys
pinctrl-at91-pio4 fc038000.pinctrl: pin-29 (gpio_keys) status -22
pinctrl-at91-pio4 fc038000.pinctrl: could not request pin 29 (PA29) from group PA29  on device atmel_pinctrl
gpio-keys gpio_keys: Error applying setting, reverse things back
gpio-keys: probe of gpio_keys failed with error -22
at91_rtc f80480b0.rtc: setting system clock to 2012-01-28 15:59:54 UTC (1327766394)
ALSA device list:
  #0: Dummy 1
 mmcblk1: p1 p2
atmel_usart_serial atmel_usart_serial.1.auto: using dma0chan7 for rx DMA transfers
atmel_usart_serial atmel_usart_serial.1.auto: using dma0chan8 for tx DMA transfers
random: fast init done
EXT4-fs (mmcblk1p2): recovery complete
EXT4-fs (mmcblk1p2): mounted filesystem with ordered data mode. Opts: (null)
VFS: Mounted root (ext4 filesystem) on device 179:2.
devtmpfs: mounted
Freeing unused kernel memory: 1024K
EXT4-fs (mmcblk1p2): re-mounted. Opts: data=ordered
mount: mounting 10.10.19.12:/home/asharma/dev/buildroot-at91/output/target/usr/bin on /root/bin failed: Network is unreachable
Starting syslogd: OK
Starting klogd: OK
Populating /dev using udev: udevd[118]: starting version 3.2.7
random: udevd: uninitialized urandom read (16 bytes read)
random: udevd: uninitialized urandom read (16 bytes read)
random: udevd: uninitialized urandom read (16 bytes read)
udevd[118]: specified group 'kvm' unknown
udevd[119]: starting eudev-3.2.7
done
Initializing random number generator... urandom_read: 1 callbacks suppressed
random: dd: uninitialized urandom read (512 bytes read)
done.
Starting rngd: OK
random: crng init done
Starting system message bus: dbus-daemon[153]: Failed to start message bus: Could not get UID and GID for username "dbus"
done
Starting network: IPv6: ADDRCONF(NETDEV_UP): eth0: link is not ready
macb f8008000.ethernet eth0: link up (100/Full)
IPv6: ADDRCONF(NETDEV_CHANGE): eth0: link becomes ready
OK
AH00558: httpd: Could not reliably determine the server's fully qualified domain name, using 127.0.1.1. Set the 'ServerName' directive globally to suppress this message
Starting dropbear sshd: OK
Starting sshd: OK
Starting DHCP server: FAIL

Welcome to the IBUC
ibuc login: rroooott

# (reverse-i-search)'': (reverse-i-search)'p': pwd(reverse-i-search)'pi': ping 10.10.19.12(reverse-i-search)'pin': ping 10.10.19.12(reverse-i-search)'ping': ping 10.10.19.12# ping 10.10.19.12ping 10.10.19.12
PING 10.10.19.12 (10.10.19.12): 56 data bytes
64 bytes from 10.10.19.12: seq=0 ttl=64 time=1.472 ms
^C
--- 10.10.19.12 ping statistics ---
2 packets transmitted, 1 packets received, 50% packet loss
round-trip min/avg/max = 1.472/1.472/1.472 ms
# cd (reverse-i-search)'': (reverse-i-search)'m': mount bin(reverse-i-search)'mo': mount bin(reverse-i-search)'mou': mount bin(reverse-i-search)'moun': mount bin(reverse-i-search)'mount': mount bin# mount binmount bin
c^H
mount: mounting 10.10.19.12:/home/asharma/dev/buildroot-at91/output/target/usr/bin on /root/bin failed: Connection timed out
# c
# # mount bin
# cd bin
# ls
[                                   lat_sig
[[                                  lat_syscall
ab                                  lat_tcp
apachectl                           lat_udp
apxs                                lat_unix
ar                                  lat_unix_connect
arpaname                            less
asc2log                             libevdev-tweak-device
aserver                             libinput
awk                                 line
basename                            lmdd
bc                                  lmhttp
bccmd                               log2asc
bcmserver                           log2long
bluemoon                            logger
bluetoothctl                        logname
btattach                            logresolve
btgatt-server                       loop_o
btmon                               lrz
bunzip2                             lsiio
bw_file_rd                          lsof
bw_mem                              lspci
bw_mmap_rd                          lsscsi
bw_pipe                             lsusb
bw_tcp                              lsz
bw_unix                             lua
bzcat                               luac
cairo-sphinx                        lzcat
can-calc-bit-timing                 lzma
canbusload                          lzopcat
candump                             md5sum
canfdtest                           mdig
cangen                              memsize
cangw                               mesg
canlogserver                        mhz
canplayer                           microcom
cansend                             mkfifo
cansniffer                          mkpasswd
checkgid                            modeprint
chrt                                modetest
chvt                                mouse-dpi-tool
ciptool                             mpg123
cksum                               mpg123-id3dump
clear                               mpg123-strip
cmp                                 mpicalc
core-ibuc                           mpris-proxy
core_ibuc                           msleep
crontab                             mtdev-test
cut                                 mv6tool
dbclient                            named-rrchecker
dbmmanage                           nano
dbus-cleanup-sockets                net-snmp-create-v3-user
dbus-daemon                         nl
dbus-launch                         node
dbus-monitor                        nohup
dbus-run-session                    npm
dbus-send                           nproc
dbus-test-tool                      npx
dbus-update-activation-environment  nslookup
dbus-uuidgen                        od
dc                                  openvt
ddcmon                              out123
deallocvt                           p9bit_example
decode-dimms                        par_mem
decode-edid                         par_ops
decode-vaio                         passwd
delv                                paste
diff                                patch
dirname                             pcregrep
disk                                pcretest
dos2unix                            phytool
drmdevice                           planes
dropbearconvert                     printf
dropbearkey                         proptest
du                                  python
dumpsexp                            python2
e2cp                                python2.7
e2ln                                rb
e2ls                                rctest
e2mkdir                             readlink
e2mv                                realpath
e2rm                                render
e2tail                              renice
easy_install                        reset
easy_install-2.7                    resize
egrep                               rfcomm
eject                               rngtest
enough                              rotatelogs
env                                 rview
envvars                             rvim
envvars-std                         rx
evtest                              rz
ex                                  sb
expr                                scp
factor                              screenlog.0
fallocate                           sdptool
fb-test                             senda_example
fb-test-offset                      seq
fb-test-perf                        setfattr
fb-test-rect                        setip-ibuc
fc-cache                            setkeycodes
fc-cat                              setserial
fc-conflist                         setsid
fc-list                             sftp
fc-match                            sha1sum
fc-pattern                          sha256sum
fc-query                            sha3sum
fc-scan                             sha512sum
fc-validate                         shred
fcgistarter                         slcan_attach
fgrep                               slcand
file                                slcanpty
find                                sort
flock                               spi-config
flushdisk                           spi-pipe
fold                                ssh
free                                ssh-add
fuser                               ssh-agent
gapplication                        ssh-copy-id
gatttool                            ssh-keygen
gcore                               ssh-keyscan
gdb                                 strace
gdbserver                           strace-log-merge
gdbus                               stream
gio                                 strings
gio-querymodules                    svc
gpg-error                           svok
gpgrt-config                        swupdate
grab                                sx
grep                                sz
gresource                           tail
gsettings                           tee
hciattach                           telnet
hciconfig                           test
hcidump                             testj1939
hcitool                             tftp
head                                time
hello                               timeout
hex2hcd                             timer-ibuc
hexdump                             timing_o
hexedit                             tlb
hmac256                             top
hostapd_cli                         touchpad-edge-detector
hostid                              tr
htcacheclean                        traceroute
htdbm                               tree
htdigest                            truncate
htpasswd                            ts_calibrate
httpd                               ts_conf
httxt2dbm                           ts_finddev
id                                  ts_harvest
iio_event_monitor                   ts_print
iio_generic_buffer                  ts_print_mt
install                             ts_print_raw
ipcrm                               ts_test
ipcs                                ts_test_mt
iperf3                              ts_uinput
iptables-xml                        ts_verify
isotpdump                           tty
isotpperf                           udevadm
isotprecv                           uniq
isotpsend                           unix2dos
isotpserver                         unlink
isotpsniffer                        unlzma
isotptun                            unlzop
jacd                                unxz
jspy                                unzip
jsr                                 uptime
killall                             usbhid-dump
kms-steal-crtc                      user_example
kms-universal-planes                uudecode
kmstest                             uuencode
l2ping                              vbltest
l2test                              view
last                                vim
lat_connect                         vimdiff
lat_ctx                             vlock
lat_fcntl                           w
lat_fifo                            wc
lat_fs                              wget
lat_http                            which
lat_mem_rd                          who
lat_mmap                            whoami
lat_ops                             xargs
lat_pagefault                       xmlwf
lat_pipe                            xxd
lat_proc                            xz
lat_rpc                             xzcat
lat_select                          yes
lat_sem
# ./core# ./core-# ./core-ibuc 
IBUC Core
Timer ID: 205144
Ethernet init
Cfg and /etc/network/interface IP match
Cfg and /etc/network/interface Gateway match
cfg mask=a0a0a01, if_ip=ffff0000admin=2337
CPE
error=Please enter valid password
IBUC>
CPE=1234
IBUC>
CIA
CIA=10.10.19.20
IBUC>
CIG
CIG=10.10.10.1
IBUC>
GIM
error=invalid command
IBUC>
CIM
CIM=0.0.0.0
IBUC>
CIM=255.255.0.0
CIM=255.255.0.0
IBUC>
CIM
CIM=255.255.0.0
IBUC>
RomBOOT


AT91Bootstrap 3.8.11 (Tue Jul 23 14:20:53 PDT 2019)

SD/MMC: Image: Read file u-boot.bin to 0x23f00000
MMC: ADMA supported
SD: Card Capacity: Standard
SD: Specification Version 3.0X
SD/MMC: Done to load image
<debug_uart> 

U-Boot 2018.07-linux4sam_6.0 (Jul 23 2019 - 14:21:02 -0700)

CPU: SAMA5D27 1G bits DDR2 SDRAM
Crystal frequency:       24 MHz
CPU clock        :      492 MHz
Master clock     :      164 MHz
DRAM:  128 MiB
MMC:   sdio-host@a0000000: 0, sdio-host@b0000000: 1
Loading Environment from FAT... OK
In:    serial@f8020000
Out:   serial@f8020000
Err:   serial@f8020000
Net:   eth0: ethernet@f8008000
Hit any key to stop autoboot:  1  0 
3920912 bytes read in 247 ms (15.1 MiB/s)
## Loading kernel from FIT Image at 21000000 ...
   Using 'kernel_dtb' configuration
   Trying 'kernel@1' kernel subimage
     Description:  Linux4SAM Linux kernel
     Type:         Kernel Image
     Compression:  uncompressed
     Data Start:   0x210000e0
     Data Size:    3879200 Bytes = 3.7 MiB
     Architecture: ARM
     OS:           Linux
     Load Address: 0x22000000
     Entry Point:  0x22000000
     Hash algo:    crc32
     Hash value:   6bc04ff1
     Hash algo:    sha1
     Hash value:   6de3a2a0549dd96833e9bbf0998e6e35423c46f2
   Verifying Hash Integrity ... crc32+ sha1+ OK
## Loading fdt from FIT Image at 21000000 ...
   Using 'kernel_dtb' configuration
   Trying 'base_fdt' fdt subimage
     Description:  Flattened Device Tree blob
     Type:         Flat Device Tree
     Compression:  uncompressed
     Data Start:   0x213b332c
     Data Size:    39685 Bytes = 38.8 KiB
     Architecture: ARM
     Load Address: 0x23000000
     Hash algo:    crc32
     Hash value:   6937a0c4
     Hash algo:    sha1
     Hash value:   1d1992fa75a654b87e28861801fbb8cae482435c
   Verifying Hash Integrity ... crc32+ sha1+ OK
   Loading fdt from 0x213b332c to 0x23000000
   Booting using the fdt blob at 0x23000000
   Loading Kernel Image ... OK
   Loading Device Tree to 27b48000, end 27b54b04 ... OK

Starting kernel ...

Booting Linux on physical CPU 0x0
Linux version 4.14.73-linux4sam_6.0 (asharma@rmcdonald-3630) (gcc version 8.2.1 20180802 (GNU Toolchain for the A-profile Architecture 8.2-2018.11 (arm-rel-8.26))) #1 Tue Jul 23 14:36:41 PDT 2019
CPU: ARMv7 Processor [410fc051] revision 1 (ARMv7), cr=10c53c7d
CPU: PIPT / VIPT nonaliasing data cache, VIPT aliasing instruction cache
OF: fdt: Machine model: Atmel SAMA5D27 SOM1 EK
Memory policy: Data cache writeback
cma: Reserved 16 MiB at 0x26800000
CPU: All CPU(s) started in SVC mode.
Built 1 zonelists, mobility grouping on.  Total pages: 32480
Kernel command line: console=ttyS0,115200 root=/dev/mmcblk1p2 rw rootwait rootfstype=ext4 atmel.pm_modes=standby,ulp1
PID hash table entries: 512 (order: -1, 2048 bytes)
Dentry cache hash table entries: 16384 (order: 4, 65536 bytes)
Inode-cache hash table entries: 8192 (order: 3, 32768 bytes)
Memory: 103524K/131072K available (6144K kernel code, 259K rwdata, 1044K rodata, 1024K init, 174K bss, 11164K reserved, 16384K cma-reserved)
Virtual kernel memory layout:
    vector  : 0xffff0000 - 0xffff1000   (   4 kB)
    fixmap  : 0xffc00000 - 0xfff00000   (3072 kB)
    vmalloc : 0xc8800000 - 0xff800000   ( 880 MB)
    lowmem  : 0xc0000000 - 0xc8000000   ( 128 MB)
    modules : 0xbf000000 - 0xc0000000   (  16 MB)
      .text : 0xc0008000 - 0xc0700000   (7136 kB)
      .init : 0xc0900000 - 0xc0a00000   (1024 kB)
      .data : 0xc0a00000 - 0xc0a40f70   ( 260 kB)
       .bss : 0xc0a40f70 - 0xc0a6c7c4   ( 175 kB)
NR_IRQS: 16, nr_irqs: 16, preallocated irqs: 16
L2C-310 ID prefetch enabled, offset 2 lines
L2C-310 dynamic clock gating enabled, standby mode enabled
L2C-310 cache controller enabled, 8 ways, 128 kB
L2C-310: CACHE_ID 0x410000c9, AUX_CTRL 0x36020000
clocksource: pit: mask: 0x7ffffff max_cycles: 0x7ffffff, max_idle_ns: 11654027029 ns
sched_clock: 32 bits at 100 Hz, resolution 10000000ns, wraps every 21474836475000000ns
Console: colour dummy device 80x30
Calibrating delay loop... 326.86 BogoMIPS (lpj=1634304)
pid_max: default: 32768 minimum: 301
Mount-cache hash table entries: 1024 (order: 0, 4096 bytes)
Mountpoint-cache hash table entries: 1024 (order: 0, 4096 bytes)
CPU: Testing write buffer coherency: ok
Setting up static identity map for 0x20100000 - 0x20100060
devtmpfs: initialized
random: get_random_u32 called from 0xc032cbe8 with crng_init=0
VFP support v0.3: implementor 41 architecture 2 part 30 variant 5 rev 1
clocksource: jiffies: mask: 0xffffffff max_cycles: 0xffffffff, max_idle_ns: 19112604462750000 ns
futex hash table entries: 256 (order: -1, 3072 bytes)
pinctrl core: initialized pinctrl subsystem
NET: Registered protocol family 16
DMA: preallocated 256 KiB pool for atomic coherent allocations
cpuidle: using governor menu
AT91: PM: standby: standby, suspend: ulp1
clocksource: tcb_clksrc: mask: 0xffffffff max_cycles: 0xffffffff, max_idle_ns: 186464433812 ns
at_xdmac f0010000.dma-controller: 16 channels, mapped at 0xc8847000
at_xdmac f0004000.dma-controller: 16 channels, mapped at 0xc8849000
AT91: Detected SoC family: sama5d2
AT91: Detected SoC: sama5d27c 128MiB SiP, revision 2
VDDANA: supplied by VDDIN_3V3
advref: supplied by VDDANA
SCSI subsystem initialized
usbcore: registered new interface driver usbfs
usbcore: registered new interface driver hub
usbcore: registered new device driver usb
at91_i2c f8028000.i2c: could not find pctldev for node /ahb/apb/pinctrl@fc038000/i2c0_default, deferring probe
media: Linux media interface: v0.10
Linux video capture interface: v2.00
pps_core: LinuxPPS API ver. 1 registered
pps_core: Software ver. 5.3.6 - Copyright 2005-2007 Rodolfo Giometti <giometti@linux.it>
PTP clock support registered
Advanced Linux Sound Architecture Driver Initialized.
clocksource: Switched to clocksource tcb_clksrc
NET: Registered protocol family 2
TCP established hash table entries: 1024 (order: 0, 4096 bytes)
TCP bind hash table entries: 1024 (order: 0, 4096 bytes)
TCP: Hash tables configured (established 1024 bind 1024)
UDP hash table entries: 256 (order: 0, 4096 bytes)
UDP-Lite hash table entries: 256 (order: 0, 4096 bytes)
NET: Registered protocol family 1
RPC: Registered named UNIX socket transport module.
RPC: Registered udp transport module.
RPC: Registered tcp transport module.
RPC: Registered tcp NFSv4.1 backchannel transport module.
workingset: timestamp_bits=14 max_order=15 bucket_order=1
io scheduler noop registered (default)
io scheduler mq-deadline registered
io scheduler kyber registered
pinctrl-at91-pio4 fc038000.pinctrl: atmel pinctrl initialized
brd: module loaded
loop: module loaded
atmel_usart_serial.0.auto: ttyS2 at MMIO 0xf801c000 (irq = 34, base_baud = 5125000) is a ATMEL_SERIAL
atmel_usart_serial.1.auto: ttyS0 at MMIO 0xf8020000 (irq = 35, base_baud = 5125000) is a ATMEL_SERIAL
console [ttyS0] enabled
atmel_usart_serial.2.auto: ttyS3 at MMIO 0xfc008000 (irq = 40, base_baud = 5125000) is a ATMEL_SERIAL
atmel_usart_serial.3.auto: ttyS1 at MMIO 0xfc00c000 (irq = 41, base_baud = 5125000) is a ATMEL_SERIAL
atmel_qspi f0024000.spi: sst26vf064b (8192 Kbytes)
5 ofpart partitions found on MTD device f0024000.spi
Creating 5 MTD partitions on "f0024000.spi":
0x000000000000-0x000000010000 : "at91bootstrap"
0x000000010000-0x0000000b0000 : "bootloader"
0x0000000b0000-0x0000000c0000 : "bootloader env"
0x0000000c0000-0x0000000e0000 : "device tree"
0x0000000e0000-0x0000004e0000 : "kernel"
atmel_spi f8000000.spi: DMA TX channel not available, SPI unable to use DMA
atmel_spi f8000000.spi: Atmel SPI Controller using PIO only
atmel_spi f8000000.spi: Using FIFO (16 data)
atmel_spi f8000000.spi: Atmel SPI Controller version 0x311 at 0xf8000000 (irq 27)
atmel_spi fc000000.spi: Using dma0chan0 (tx) and dma0chan1 (rx) for DMA transfers
atmel_spi fc000000.spi: Using FIFO (16 data)
atmel_spi fc000000.spi: Atmel SPI Controller version 0x311 at 0xfc000000 (irq 39)
libphy: Fixed MDIO Bus: probed
CAN device driver interface
libphy: MACB_mii_bus: probed
Micrel KSZ8081 or KSZ8091 f8008000.ethernet-ffffffff:07: attached PHY driver [Micrel KSZ8081 or KSZ8091] (mii_bus:phy_addr=f8008000.ethernet-ffffffff:07, irq=176)
macb f8008000.ethernet eth0: Cadence GEM rev 0x00020203 at 0xf8008000 irq 28 (54:10:ec:33:ea:9a)
ehci_hcd: USB 2.0 'Enhanced' Host Controller (EHCI) Driver
ehci-atmel: EHCI Atmel driver
ohci_hcd: USB 1.1 'Open' Host Controller (OHCI) Driver
ohci-atmel: OHCI Atmel driver
usbcore: registered new interface driver usb-storage
rtc rtc0: invalid alarm value: 1900-1-1 0:0:0
at91_rtc f80480b0.rtc: registered as rtc0
at91_rtc f80480b0.rtc: AT91 Real Time Clock driver.
i2c /dev entries driver
IR NEC protocol handler initialized
IR RC5(x/sz) protocol handler initialized
IR RC6 protocol handler initialized
IR JVC protocol handler initialized
IR Sony protocol handler initialized
IR SANYO protocol handler initialized
IR Sharp protocol handler initialized
IR MCE Keyboard/mouse protocol handler initialized
IR XMP protocol handler initialized
AT91: Starting after user reset
sama5d4_wdt f8048040.watchdog: initialized (timeout = 16 sec, nowayout = 0)
sdhci: Secure Digital Host Controller Interface driver
sdhci: Copyright(c) Pierre Ossman
sdhci-pltfm: SDHCI platform and OF driver helper
sdhci-at91 a0000000.sdio-host: update clk mul to 39 as gck rate is 480000000 Hz
mmc0: SDHCI controller on a0000000.sdio-host [a0000000.sdio-host] using ADMA
sdhci-at91 b0000000.sdio-host: update clk mul to 39 as gck rate is 480000000 Hz
mmc1: SDHCI controller on b0000000.sdio-host [b0000000.sdio-host] using ADMA
ledtrig-cpu: registered to indicate activity on CPUs
atmel_aes f002c000.aes: version: 0x500
atmel_aes f002c000.aes: Atmel AES - Using dma0chan2, dma0chan3 for DMA transfers
atmel_sha f0028000.sha: version: 0x510
atmel_sha f0028000.sha: using dma0chan4 for DMA transfers
atmel_sha f0028000.sha: Atmel SHA1/SHA256/SHA224/SHA384/SHA512
atmel_tdes fc044000.tdes: version: 0x703
atmel_tdes fc044000.tdes: using dma0chan5, dma0chan6 for DMA transfers
atmel_tdes fc044000.tdes: Atmel DES/TDES
at91-sama5d2_adc fc030000.adc: setting up trigger as external_rising
at91-sama5d2_adc fc030000.adc: version: 800
ip_tables: (C) 2000-2006 Netfilter Core Team
NET: Registered protocol family 10
Segment Routing with IPv6
sit: IPv6, IPv4 and MPLS over IPv4 tunneling driver
NET: Registered protocol family 17
can: controller area network core (rev 20170425 abi 9)
NET: Registered protocol family 29
can: raw protocol (rev 20170425)
can: broadcast manager protocol (rev 20170425 t)
can: netlink gateway (rev 20170425) max_hops=1
at91_i2c f8028000.i2c: can't get DMA channel, continue without DMA support
at91_i2c f8028000.i2c: Using FIFO (16 data)
at24 0-0050: 256 byte 24c02 EEPROM, writable, 8 bytes/write
at91_i2c f8028000.i2c: AT91 i2c bus driver (hw version: 0x704).
mmc1: new high speed SD card at address e624
mmcblk1: mmc1:e624 SU02G 1.84 GiB 
pinctrl-at91-pio4 fc038000.pinctrl: pin PA29 already requested by f8000000.spi; cannot claim for gpio_keys
pinctrl-at91-pio4 fc038000.pinctrl: pin-29 (gpio_keys) status -22
pinctrl-at91-pio4 fc038000.pinctrl: could not request pin 29 (PA29) from group PA29  on device atmel_pinctrl
gpio-keys gpio_keys: Error applying setting, reverse things back
gpio-keys: probe of gpio_keys failed with error -22
at91_rtc f80480b0.rtc: setting system clock to 2012-01-28 16:02:32 UTC (1327766552)
ALSA device list:
  #0: Dummy 1
 mmcblk1: p1 p2
atmel_usart_serial atmel_usart_serial.1.auto: using dma0chan7 for rx DMA transfers
atmel_usart_serial atmel_usart_serial.1.auto: using dma0chan8 for tx DMA transfers
random: fast init done
EXT4-fs (mmcblk1p2): recovery complete
EXT4-fs (mmcblk1p2): mounted filesystem with ordered data mode. Opts: (null)
VFS: Mounted root (ext4 filesystem) on device 179:2.
devtmpfs: mounted
Freeing unused kernel memory: 1024K
EXT4-fs (mmcblk1p2): re-mounted. Opts: data=ordered
mount: mounting 10.10.19.12:/home/asharma/dev/buildroot-at91/output/target/usr/bin on /root/bin failed: Network is unreachable
Starting syslogd: OK
Starting klogd: OK
Populating /dev using udev: udevd[118]: starting version 3.2.7
random: udevd: uninitialized urandom read (16 bytes read)
random: udevd: uninitialized urandom read (16 bytes read)
random: udevd: uninitialized urandom read (16 bytes read)
udevd[118]: specified group 'kvm' unknown
udevd[119]: starting eudev-3.2.7
done
Initializing random number generator... urandom_read: 1 callbacks suppressed
random: dd: uninitialized urandom read (512 bytes read)
done.
Starting rngd: OK
random: crng init done
Starting system message bus: dbus-daemon[153]: Failed to start message bus: Could not get UID and GID for username "dbus"
done
Starting network: IPv6: ADDRCONF(NETDEV_UP): eth0: link is not ready
macb f8008000.ethernet eth0: link up (100/Full)
IPv6: ADDRCONF(NETDEV_CHANGE): eth0: link becomes ready
OK
AH00558: httpd: Could not reliably determine the server's fully qualified domain name, using 127.0.1.1. Set the 'ServerName' directive globally to suppress this message
Starting dropbear sshd: OK
Starting sshd: OK
Starting DHCP server: FAIL

Welcome to the IBUC
ibuc login: o root
# ls
bin         interfaces  ttyS0
# (reverse-i-search)'': (reverse-i-search)'p': ping 10.10.19.12(reverse-i-search)'pi': ping 10.10.19.12(reverse-i-search)'pin': ping 10.10.19.12(reverse-i-search)'ping': ping 10.10.19.12# ping 10.10.19.12ping 10.10.19.12
PING 10.10.19.12 (10.10.19.12): 56 data bytes
64 bytes from 10.10.19.12: seq=0 ttl=64 time=1.232 ms
^C
--- 10.10.19.12 ping statistics ---
34 packets transmitted, 1 packets received, 97% packet loss
round-trip min/avg/max = 1.232/1.232/1.232 ms
# # ping 10.10.19.12
PING 10.10.19.12 (10.10.19.12): 56 data bytes
^C
--- 10.10.19.12 ping statistics ---
5 packets transmitted, 0 packets received, 100% packet loss
# # ping 10.10.19.12
PING 10.10.19.12 (10.10.19.12): 56 data bytes
64 bytes from 10.10.19.12: seq=1 ttl=64 time=0.973 ms
64 bytes from 10.10.19.12: seq=2 ttl=64 time=0.894 ms
^C
--- 10.10.19.12 ping statistics ---
3 packets transmitted, 2 packets received, 33% packet loss
round-trip min/avg/max = 0.894/0.933/0.973 ms
# (reverse-i-search)'': (reverse-i-search)'m': mount bin(reverse-i-search)'mo': mount bin(reverse-i-search)'mou': mount bin(reverse-i-search)'moun': mount bin# mount binmount bin
# cd bin
# (reverse-i-search)'': (reverse-i-search)'.': ping 10.10.19.12(reverse-i-search)'./': ./core-ibuc # ./core-ibuc ./core-ibuc 
IBUC Core
Timer ID: 205144
Ethernet init
Cfg and /etc/network/interface IP match
Cfg and /etc/network/interface Gateway match
cfg mask=a0a0a01, if_ip=ffff0000admin=2337
CPE=1234
IBUC>
CIA
CIA=10.10.19.20
IBUC>
CIG
CIG=10.10.10.1
IBUC>
CIM
CIM=255.255.0.0
IBUC>
RomBOOT


AT91Bootstrap 3.8.11 (Tue Jul 23 14:20:53 PDT 2019)

SD/MMC: Image: Read file u-boot.bin to 0x23f00000
MMC: ADMA supported
SD: Card Capacity: Standard
SD: Specification Version 3.0X
SD/MMC: Done to load image
<debug_uart> 

U-Boot 2018.07-linux4sam_6.0 (Jul 23 2019 - 14:21:02 -0700)

CPU: SAMA5D27 1G bits DDR2 SDRAM
Crystal frequency:       24 MHz
CPU clock        :      492 MHz
Master clock     :      164 MHz
DRAM:  128 MiB
MMC:   sdio-host@a0000000: 0, sdio-host@b0000000: 1
Loading Environment from FAT... OK
In:    serial@f8020000
Out:   serial@f8020000
Err:   serial@f8020000
Net:   eth0: ethernet@f8008000
Hit any key to stop autoboot:  1  0 
3920912 bytes read in 246 ms (15.2 MiB/s)
## Loading kernel from FIT Image at 21000000 ...
   Using 'kernel_dtb' configuration
   Trying 'kernel@1' kernel subimage
     Description:  Linux4SAM Linux kernel
     Type:         Kernel Image
     Compression:  uncompressed
     Data Start:   0x210000e0
     Data Size:    3879200 Bytes = 3.7 MiB
     Architecture: ARM
     OS:           Linux
     Load Address: 0x22000000
     Entry Point:  0x22000000
     Hash algo:    crc32
     Hash value:   6bc04ff1
     Hash algo:    sha1
     Hash value:   6de3a2a0549dd96833e9bbf0998e6e35423c46f2
   Verifying Hash Integrity ... crc32+ sha1+ OK
## Loading fdt from FIT Image at 21000000 ...
   Using 'kernel_dtb' configuration
   Trying 'base_fdt' fdt subimage
     Description:  Flattened Device Tree blob
     Type:         Flat Device Tree
     Compression:  uncompressed
     Data Start:   0x213b332c
     Data Size:    39685 Bytes = 38.8 KiB
     Architecture: ARM
     Load Address: 0x23000000
     Hash algo:    crc32
     Hash value:   6937a0c4
     Hash algo:    sha1
     Hash value:   1d1992fa75a654b87e28861801fbb8cae482435c
   Verifying Hash Integrity ... crc32+ sha1+ OK
   Loading fdt from 0x213b332c to 0x23000000
   Booting using the fdt blob at 0x23000000
   Loading Kernel Image ... OK
   Loading Device Tree to 27b48000, end 27b54b04 ... OK

Starting kernel ...

Booting Linux on physical CPU 0x0
Linux version 4.14.73-linux4sam_6.0 (asharma@rmcdonald-3630) (gcc version 8.2.1 20180802 (GNU Toolchain for the A-profile Architecture 8.2-2018.11 (arm-rel-8.26))) #1 Tue Jul 23 14:36:41 PDT 2019
CPU: ARMv7 Processor [410fc051] revision 1 (ARMv7), cr=10c53c7d
CPU: PIPT / VIPT nonaliasing data cache, VIPT aliasing instruction cache
OF: fdt: Machine model: Atmel SAMA5D27 SOM1 EK
Memory policy: Data cache writeback
cma: Reserved 16 MiB at 0x26800000
CPU: All CPU(s) started in SVC mode.
Built 1 zonelists, mobility grouping on.  Total pages: 32480
Kernel command line: console=ttyS0,115200 root=/dev/mmcblk1p2 rw rootwait rootfstype=ext4 atmel.pm_modes=standby,ulp1
PID hash table entries: 512 (order: -1, 2048 bytes)
Dentry cache hash table entries: 16384 (order: 4, 65536 bytes)
Inode-cache hash table entries: 8192 (order: 3, 32768 bytes)
Memory: 103524K/131072K available (6144K kernel code, 259K rwdata, 1044K rodata, 1024K init, 174K bss, 11164K reserved, 16384K cma-reserved)
Virtual kernel memory layout:
    vector  : 0xffff0000 - 0xffff1000   (   4 kB)
    fixmap  : 0xffc00000 - 0xfff00000   (3072 kB)
    vmalloc : 0xc8800000 - 0xff800000   ( 880 MB)
    lowmem  : 0xc0000000 - 0xc8000000   ( 128 MB)
    modules : 0xbf000000 - 0xc0000000   (  16 MB)
      .text : 0xc0008000 - 0xc0700000   (7136 kB)
      .init : 0xc0900000 - 0xc0a00000   (1024 kB)
      .data : 0xc0a00000 - 0xc0a40f70   ( 260 kB)
       .bss : 0xc0a40f70 - 0xc0a6c7c4   ( 175 kB)
NR_IRQS: 16, nr_irqs: 16, preallocated irqs: 16
L2C-310 ID prefetch enabled, offset 2 lines
L2C-310 dynamic clock gating enabled, standby mode enabled
L2C-310 cache controller enabled, 8 ways, 128 kB
L2C-310: CACHE_ID 0x410000c9, AUX_CTRL 0x36020000
clocksource: pit: mask: 0x7ffffff max_cycles: 0x7ffffff, max_idle_ns: 11654027029 ns
sched_clock: 32 bits at 100 Hz, resolution 10000000ns, wraps every 21474836475000000ns
Console: colour dummy device 80x30
Calibrating delay loop... 326.86 BogoMIPS (lpj=1634304)
pid_max: default: 32768 minimum: 301
Mount-cache hash table entries: 1024 (order: 0, 4096 bytes)
Mountpoint-cache hash table entries: 1024 (order: 0, 4096 bytes)
CPU: Testing write buffer coherency: ok
Setting up static identity map for 0x20100000 - 0x20100060
devtmpfs: initialized
random: get_random_u32 called from 0xc032cbe8 with crng_init=0
VFP support v0.3: implementor 41 architecture 2 part 30 variant 5 rev 1
clocksource: jiffies: mask: 0xffffffff max_cycles: 0xffffffff, max_idle_ns: 19112604462750000 ns
futex hash table entries: 256 (order: -1, 3072 bytes)
pinctrl core: initialized pinctrl subsystem
NET: Registered protocol family 16
DMA: preallocated 256 KiB pool for atomic coherent allocations
cpuidle: using governor menu
AT91: PM: standby: standby, suspend: ulp1
clocksource: tcb_clksrc: mask: 0xffffffff max_cycles: 0xffffffff, max_idle_ns: 186464433812 ns
at_xdmac f0010000.dma-controller: 16 channels, mapped at 0xc8847000
at_xdmac f0004000.dma-controller: 16 channels, mapped at 0xc8849000
AT91: Detected SoC family: sama5d2
AT91: Detected SoC: sama5d27c 128MiB SiP, revision 2
VDDANA: supplied by VDDIN_3V3
advref: supplied by VDDANA
SCSI subsystem initialized
usbcore: registered new interface driver usbfs
usbcore: registered new interface driver hub
usbcore: registered new device driver usb
at91_i2c f8028000.i2c: could not find pctldev for node /ahb/apb/pinctrl@fc038000/i2c0_default, deferring probe
media: Linux media interface: v0.10
Linux video capture interface: v2.00
pps_core: LinuxPPS API ver. 1 registered
pps_core: Software ver. 5.3.6 - Copyright 2005-2007 Rodolfo Giometti <giometti@linux.it>
PTP clock support registered
Advanced Linux Sound Architecture Driver Initialized.
clocksource: Switched to clocksource tcb_clksrc
NET: Registered protocol family 2
TCP established hash table entries: 1024 (order: 0, 4096 bytes)
TCP bind hash table entries: 1024 (order: 0, 4096 bytes)
TCP: Hash tables configured (established 1024 bind 1024)
